main.c:90:5:main	104	static
main.c:298:6:SystemClock_Config	72	static
main.c:334:13:MX_GPIO_Init	32	static
main.c:366:6:udelay	16	static
main.c:372:6:delayus	16	static
main.c:382:6:lcd_send4bits	16	static
main.c:392:6:lcd_wrcom4	16	static
main.c:404:6:lcd_wrcom	16	static
main.c:421:6:lcd_wrchar	16	static
main.c:437:6:lcd_init	16	static
main.c:450:6:lcd_clear	8	static
main.c:455:6:lcd_goto	24	static
main.c:466:6:lcd_wrstr	16	static
main.c:471:6:lcd_default	8	static
main.c:492:6:Error_Handler	4	static,ignoring_inline_asm
