main.c:95:5:__io_putchar	16	static
main.c:107:5:main	24	static
main.c:179:6:SystemClock_Config	88	static
main.c:222:13:MX_ADC1_Init	24	static
main.c:267:13:MX_GPIO_Init	32	static
main.c:290:6:udelay	16	static
main.c:296:6:delayus	16	static
main.c:306:6:lcd_send4bits	16	static
main.c:315:6:lcd_wrcom4	16	static
main.c:327:6:lcd_wrcom	16	static
main.c:344:6:lcd_wrchar	16	static
main.c:360:6:lcd_init	16	static
main.c:373:6:lcd_clear	8	static
main.c:378:6:lcd_goto	24	static
main.c:389:6:lcd_wrstr	16	static
main.c:394:6:lcd_pgrchar	24	static
main.c:410:6:Error_Handler	4	static,ignoring_inline_asm
