16:40:23 **** Incremental Build of configuration Debug for project 7SEG ****
make -j12 all 
arm-none-eabi-gcc "../Core/Src/main.c" -mcpu=cortex-m3 -std=gnu11 -g3 -DDEBUG -DUSE_HAL_DRIVER -DSTM32F103x6 -c -I../Core/Inc -I../Drivers/STM32F1xx_HAL_Driver/Inc -I../Drivers/STM32F1xx_HAL_Driver/Inc/Legacy -I../Drivers/CMSIS/Device/ST/STM32F1xx/Include -I../Drivers/CMSIS/Include -O0 -ffunction-sections -fdata-sections -Wall -fstack-usage -MMD -MP -MF"Core/Src/main.d" -MT"Core/Src/main.o" --specs=nano.specs -mfloat-abi=soft -mthumb -o "Core/Src/main.o"
arm-none-eabi-gcc -o "7SEG.elf" @"objects.list"   -mcpu=cortex-m3 -T"C:\PUCRS\Processadores\Workspace\7SEG\STM32F103C6TX_FLASH.ld" --specs=nosys.specs -Wl,-Map="7SEG.map" -Wl,--gc-sections -static --specs=nano.specs -mfloat-abi=soft -mthumb -Wl,--start-group -lc -lm -Wl,--end-group
Finished building target: 7SEG.elf
 
arm-none-eabi-objdump -h -S  7SEG.elf  > "7SEG.list"
arm-none-eabi-objcopy  -O ihex  7SEG.elf  "7SEG.hex"
arm-none-eabi-objcopy  -O binary  7SEG.elf  "7SEG.bin"
arm-none-eabi-size   7SEG.elf 
   text	   data	    bss	    dec	    hex	filename
   4588	     20	   1572	   6180	   1824	7SEG.elf
Finished building: default.size.stdout
 
Finished building: 7SEG.hex
Finished building: 7SEG.bin
 
 
Finished building: 7SEG.list
 

16:40:24 Build Finished. 0 errors, 0 warnings. (took 714ms)

