22:47:19 **** Build of configuration Debug for project Novo_LCD_4bits ****
make -j12 all 
arm-none-eabi-gcc "../Drivers/STM32F1xx_HAL_Driver/Src/stm32f1xx_hal.c" -mcpu=cortex-m3 -std=gnu11 -g3 -DDEBUG -DUSE_HAL_DRIVER -DSTM32F103x6 -c -I../Core/Inc -I../Drivers/STM32F1xx_HAL_Driver/Inc -I../Drivers/STM32F1xx_HAL_Driver/Inc/Legacy -I../Drivers/CMSIS/Device/ST/STM32F1xx/Include -I../Drivers/CMSIS/Include -O0 -ffunction-sections -fdata-sections -Wall -fstack-usage -MMD -MP -MF"Drivers/STM32F1xx_HAL_Driver/Src/stm32f1xx_hal.d" -MT"Drivers/STM32F1xx_HAL_Driver/Src/stm32f1xx_hal.o" --specs=nano.specs -mfloat-abi=soft -mthumb -o "Drivers/STM32F1xx_HAL_Driver/Src/stm32f1xx_hal.o"
arm-none-eabi-gcc "../Drivers/STM32F1xx_HAL_Driver/Src/stm32f1xx_hal_cortex.c" -mcpu=cortex-m3 -std=gnu11 -g3 -DDEBUG -DUSE_HAL_DRIVER -DSTM32F103x6 -c -I../Core/Inc -I../Drivers/STM32F1xx_HAL_Driver/Inc -I../Drivers/STM32F1xx_HAL_Driver/Inc/Legacy -I../Drivers/CMSIS/Device/ST/STM32F1xx/Include -I../Drivers/CMSIS/Include -O0 -ffunction-sections -fdata-sections -Wall -fstack-usage -MMD -MP -MF"Drivers/STM32F1xx_HAL_Driver/Src/stm32f1xx_hal_cortex.d" -MT"Drivers/STM32F1xx_HAL_Driver/Src/stm32f1xx_hal_cortex.o" --specs=nano.specs -mfloat-abi=soft -mthumb -o "Drivers/STM32F1xx_HAL_Driver/Src/stm32f1xx_hal_cortex.o"
arm-none-eabi-gcc "../Drivers/STM32F1xx_HAL_Driver/Src/stm32f1xx_hal_dma.c" -mcpu=cortex-m3 -std=gnu11 -g3 -DDEBUG -DUSE_HAL_DRIVER -DSTM32F103x6 -c -I../Core/Inc -I../Drivers/STM32F1xx_HAL_Driver/Inc -I../Drivers/STM32F1xx_HAL_Driver/Inc/Legacy -I../Drivers/CMSIS/Device/ST/STM32F1xx/Include -I../Drivers/CMSIS/Include -O0 -ffunction-sections -fdata-sections -Wall -fstack-usage -MMD -MP -MF"Drivers/STM32F1xx_HAL_Driver/Src/stm32f1xx_hal_dma.d" -MT"Drivers/STM32F1xx_HAL_Driver/Src/stm32f1xx_hal_dma.o" --specs=nano.specs -mfloat-abi=soft -mthumb -o "Drivers/STM32F1xx_HAL_Driver/Src/stm32f1xx_hal_dma.o"
arm-none-eabi-gcc "../Drivers/STM32F1xx_HAL_Driver/Src/stm32f1xx_hal_exti.c" -mcpu=cortex-m3 -std=gnu11 -g3 -DDEBUG -DUSE_HAL_DRIVER -DSTM32F103x6 -c -I../Core/Inc -I../Drivers/STM32F1xx_HAL_Driver/Inc -I../Drivers/STM32F1xx_HAL_Driver/Inc/Legacy -I../Drivers/CMSIS/Device/ST/STM32F1xx/Include -I../Drivers/CMSIS/Include -O0 -ffunction-sections -fdata-sections -Wall -fstack-usage -MMD -MP -MF"Drivers/STM32F1xx_HAL_Driver/Src/stm32f1xx_hal_exti.d" -MT"Drivers/STM32F1xx_HAL_Driver/Src/stm32f1xx_hal_exti.o" --specs=nano.specs -mfloat-abi=soft -mthumb -o "Drivers/STM32F1xx_HAL_Driver/Src/stm32f1xx_hal_exti.o"
arm-none-eabi-gcc "../Drivers/STM32F1xx_HAL_Driver/Src/stm32f1xx_hal_flash.c" -mcpu=cortex-m3 -std=gnu11 -g3 -DDEBUG -DUSE_HAL_DRIVER -DSTM32F103x6 -c -I../Core/Inc -I../Drivers/STM32F1xx_HAL_Driver/Inc -I../Drivers/STM32F1xx_HAL_Driver/Inc/Legacy -I../Drivers/CMSIS/Device/ST/STM32F1xx/Include -I../Drivers/CMSIS/Include -O0 -ffunction-sections -fdata-sections -Wall -fstack-usage -MMD -MP -MF"Drivers/STM32F1xx_HAL_Driver/Src/stm32f1xx_hal_flash.d" -MT"Drivers/STM32F1xx_HAL_Driver/Src/stm32f1xx_hal_flash.o" --specs=nano.specs -mfloat-abi=soft -mthumb -o "Drivers/STM32F1xx_HAL_Driver/Src/stm32f1xx_hal_flash.o"
arm-none-eabi-gcc "../Drivers/STM32F1xx_HAL_Driver/Src/stm32f1xx_hal_flash_ex.c" -mcpu=cortex-m3 -std=gnu11 -g3 -DDEBUG -DUSE_HAL_DRIVER -DSTM32F103x6 -c -I../Core/Inc -I../Drivers/STM32F1xx_HAL_Driver/Inc -I../Drivers/STM32F1xx_HAL_Driver/Inc/Legacy -I../Drivers/CMSIS/Device/ST/STM32F1xx/Include -I../Drivers/CMSIS/Include -O0 -ffunction-sections -fdata-sections -Wall -fstack-usage -MMD -MP -MF"Drivers/STM32F1xx_HAL_Driver/Src/stm32f1xx_hal_flash_ex.d" -MT"Drivers/STM32F1xx_HAL_Driver/Src/stm32f1xx_hal_flash_ex.o" --specs=nano.specs -mfloat-abi=soft -mthumb -o "Drivers/STM32F1xx_HAL_Driver/Src/stm32f1xx_hal_flash_ex.o"
arm-none-eabi-gcc "../Drivers/STM32F1xx_HAL_Driver/Src/stm32f1xx_hal_gpio.c" -mcpu=cortex-m3 -std=gnu11 -g3 -DDEBUG -DUSE_HAL_DRIVER -DSTM32F103x6 -c -I../Core/Inc -I../Drivers/STM32F1xx_HAL_Driver/Inc -I../Drivers/STM32F1xx_HAL_Driver/Inc/Legacy -I../Drivers/CMSIS/Device/ST/STM32F1xx/Include -I../Drivers/CMSIS/Include -O0 -ffunction-sections -fdata-sections -Wall -fstack-usage -MMD -MP -MF"Drivers/STM32F1xx_HAL_Driver/Src/stm32f1xx_hal_gpio.d" -MT"Drivers/STM32F1xx_HAL_Driver/Src/stm32f1xx_hal_gpio.o" --specs=nano.specs -mfloat-abi=soft -mthumb -o "Drivers/STM32F1xx_HAL_Driver/Src/stm32f1xx_hal_gpio.o"
arm-none-eabi-gcc "../Drivers/STM32F1xx_HAL_Driver/Src/stm32f1xx_hal_gpio_ex.c" -mcpu=cortex-m3 -std=gnu11 -g3 -DDEBUG -DUSE_HAL_DRIVER -DSTM32F103x6 -c -I../Core/Inc -I../Drivers/STM32F1xx_HAL_Driver/Inc -I../Drivers/STM32F1xx_HAL_Driver/Inc/Legacy -I../Drivers/CMSIS/Device/ST/STM32F1xx/Include -I../Drivers/CMSIS/Include -O0 -ffunction-sections -fdata-sections -Wall -fstack-usage -MMD -MP -MF"Drivers/STM32F1xx_HAL_Driver/Src/stm32f1xx_hal_gpio_ex.d" -MT"Drivers/STM32F1xx_HAL_Driver/Src/stm32f1xx_hal_gpio_ex.o" --specs=nano.specs -mfloat-abi=soft -mthumb -o "Drivers/STM32F1xx_HAL_Driver/Src/stm32f1xx_hal_gpio_ex.o"
arm-none-eabi-gcc "../Drivers/STM32F1xx_HAL_Driver/Src/stm32f1xx_hal_pwr.c" -mcpu=cortex-m3 -std=gnu11 -g3 -DDEBUG -DUSE_HAL_DRIVER -DSTM32F103x6 -c -I../Core/Inc -I../Drivers/STM32F1xx_HAL_Driver/Inc -I../Drivers/STM32F1xx_HAL_Driver/Inc/Legacy -I../Drivers/CMSIS/Device/ST/STM32F1xx/Include -I../Drivers/CMSIS/Include -O0 -ffunction-sections -fdata-sections -Wall -fstack-usage -MMD -MP -MF"Drivers/STM32F1xx_HAL_Driver/Src/stm32f1xx_hal_pwr.d" -MT"Drivers/STM32F1xx_HAL_Driver/Src/stm32f1xx_hal_pwr.o" --specs=nano.specs -mfloat-abi=soft -mthumb -o "Drivers/STM32F1xx_HAL_Driver/Src/stm32f1xx_hal_pwr.o"
arm-none-eabi-gcc "../Drivers/STM32F1xx_HAL_Driver/Src/stm32f1xx_hal_rcc.c" -mcpu=cortex-m3 -std=gnu11 -g3 -DDEBUG -DUSE_HAL_DRIVER -DSTM32F103x6 -c -I../Core/Inc -I../Drivers/STM32F1xx_HAL_Driver/Inc -I../Drivers/STM32F1xx_HAL_Driver/Inc/Legacy -I../Drivers/CMSIS/Device/ST/STM32F1xx/Include -I../Drivers/CMSIS/Include -O0 -ffunction-sections -fdata-sections -Wall -fstack-usage -MMD -MP -MF"Drivers/STM32F1xx_HAL_Driver/Src/stm32f1xx_hal_rcc.d" -MT"Drivers/STM32F1xx_HAL_Driver/Src/stm32f1xx_hal_rcc.o" --specs=nano.specs -mfloat-abi=soft -mthumb -o "Drivers/STM32F1xx_HAL_Driver/Src/stm32f1xx_hal_rcc.o"
arm-none-eabi-gcc "../Drivers/STM32F1xx_HAL_Driver/Src/stm32f1xx_hal_rcc_ex.c" -mcpu=cortex-m3 -std=gnu11 -g3 -DDEBUG -DUSE_HAL_DRIVER -DSTM32F103x6 -c -I../Core/Inc -I../Drivers/STM32F1xx_HAL_Driver/Inc -I../Drivers/STM32F1xx_HAL_Driver/Inc/Legacy -I../Drivers/CMSIS/Device/ST/STM32F1xx/Include -I../Drivers/CMSIS/Include -O0 -ffunction-sections -fdata-sections -Wall -fstack-usage -MMD -MP -MF"Drivers/STM32F1xx_HAL_Driver/Src/stm32f1xx_hal_rcc_ex.d" -MT"Drivers/STM32F1xx_HAL_Driver/Src/stm32f1xx_hal_rcc_ex.o" --specs=nano.specs -mfloat-abi=soft -mthumb -o "Drivers/STM32F1xx_HAL_Driver/Src/stm32f1xx_hal_rcc_ex.o"
arm-none-eabi-gcc "../Drivers/STM32F1xx_HAL_Driver/Src/stm32f1xx_hal_tim.c" -mcpu=cortex-m3 -std=gnu11 -g3 -DDEBUG -DUSE_HAL_DRIVER -DSTM32F103x6 -c -I../Core/Inc -I../Drivers/STM32F1xx_HAL_Driver/Inc -I../Drivers/STM32F1xx_HAL_Driver/Inc/Legacy -I../Drivers/CMSIS/Device/ST/STM32F1xx/Include -I../Drivers/CMSIS/Include -O0 -ffunction-sections -fdata-sections -Wall -fstack-usage -MMD -MP -MF"Drivers/STM32F1xx_HAL_Driver/Src/stm32f1xx_hal_tim.d" -MT"Drivers/STM32F1xx_HAL_Driver/Src/stm32f1xx_hal_tim.o" --specs=nano.specs -mfloat-abi=soft -mthumb -o "Drivers/STM32F1xx_HAL_Driver/Src/stm32f1xx_hal_tim.o"
arm-none-eabi-gcc "../Drivers/STM32F1xx_HAL_Driver/Src/stm32f1xx_hal_tim_ex.c" -mcpu=cortex-m3 -std=gnu11 -g3 -DDEBUG -DUSE_HAL_DRIVER -DSTM32F103x6 -c -I../Core/Inc -I../Drivers/STM32F1xx_HAL_Driver/Inc -I../Drivers/STM32F1xx_HAL_Driver/Inc/Legacy -I../Drivers/CMSIS/Device/ST/STM32F1xx/Include -I../Drivers/CMSIS/Include -O0 -ffunction-sections -fdata-sections -Wall -fstack-usage -MMD -MP -MF"Drivers/STM32F1xx_HAL_Driver/Src/stm32f1xx_hal_tim_ex.d" -MT"Drivers/STM32F1xx_HAL_Driver/Src/stm32f1xx_hal_tim_ex.o" --specs=nano.specs -mfloat-abi=soft -mthumb -o "Drivers/STM32F1xx_HAL_Driver/Src/stm32f1xx_hal_tim_ex.o"
arm-none-eabi-gcc -mcpu=cortex-m3 -g3 -c -x assembler-with-cpp -MMD -MP -MF"Core/Startup/startup_stm32f103c6tx.d" -MT"Core/Startup/startup_stm32f103c6tx.o" --specs=nano.specs -mfloat-abi=soft -mthumb -o "Core/Startup/startup_stm32f103c6tx.o" "../Core/Startup/startup_stm32f103c6tx.s"
arm-none-eabi-gcc "../Core/Src/main.c" -mcpu=cortex-m3 -std=gnu11 -g3 -DDEBUG -DUSE_HAL_DRIVER -DSTM32F103x6 -c -I../Core/Inc -I../Drivers/STM32F1xx_HAL_Driver/Inc -I../Drivers/STM32F1xx_HAL_Driver/Inc/Legacy -I../Drivers/CMSIS/Device/ST/STM32F1xx/Include -I../Drivers/CMSIS/Include -O0 -ffunction-sections -fdata-sections -Wall -fstack-usage -MMD -MP -MF"Core/Src/main.d" -MT"Core/Src/main.o" --specs=nano.specs -mfloat-abi=soft -mthumb -o "Core/Src/main.o"
arm-none-eabi-gcc "../Core/Src/stm32f1xx_hal_msp.c" -mcpu=cortex-m3 -std=gnu11 -g3 -DDEBUG -DUSE_HAL_DRIVER -DSTM32F103x6 -c -I../Core/Inc -I../Drivers/STM32F1xx_HAL_Driver/Inc -I../Drivers/STM32F1xx_HAL_Driver/Inc/Legacy -I../Drivers/CMSIS/Device/ST/STM32F1xx/Include -I../Drivers/CMSIS/Include -O0 -ffunction-sections -fdata-sections -Wall -fstack-usage -MMD -MP -MF"Core/Src/stm32f1xx_hal_msp.d" -MT"Core/Src/stm32f1xx_hal_msp.o" --specs=nano.specs -mfloat-abi=soft -mthumb -o "Core/Src/stm32f1xx_hal_msp.o"
arm-none-eabi-gcc "../Core/Src/stm32f1xx_it.c" -mcpu=cortex-m3 -std=gnu11 -g3 -DDEBUG -DUSE_HAL_DRIVER -DSTM32F103x6 -c -I../Core/Inc -I../Drivers/STM32F1xx_HAL_Driver/Inc -I../Drivers/STM32F1xx_HAL_Driver/Inc/Legacy -I../Drivers/CMSIS/Device/ST/STM32F1xx/Include -I../Drivers/CMSIS/Include -O0 -ffunction-sections -fdata-sections -Wall -fstack-usage -MMD -MP -MF"Core/Src/stm32f1xx_it.d" -MT"Core/Src/stm32f1xx_it.o" --specs=nano.specs -mfloat-abi=soft -mthumb -o "Core/Src/stm32f1xx_it.o"
arm-none-eabi-gcc "../Core/Src/syscalls.c" -mcpu=cortex-m3 -std=gnu11 -g3 -DDEBUG -DUSE_HAL_DRIVER -DSTM32F103x6 -c -I../Core/Inc -I../Drivers/STM32F1xx_HAL_Driver/Inc -I../Drivers/STM32F1xx_HAL_Driver/Inc/Legacy -I../Drivers/CMSIS/Device/ST/STM32F1xx/Include -I../Drivers/CMSIS/Include -O0 -ffunction-sections -fdata-sections -Wall -fstack-usage -MMD -MP -MF"Core/Src/syscalls.d" -MT"Core/Src/syscalls.o" --specs=nano.specs -mfloat-abi=soft -mthumb -o "Core/Src/syscalls.o"
arm-none-eabi-gcc "../Core/Src/sysmem.c" -mcpu=cortex-m3 -std=gnu11 -g3 -DDEBUG -DUSE_HAL_DRIVER -DSTM32F103x6 -c -I../Core/Inc -I../Drivers/STM32F1xx_HAL_Driver/Inc -I../Drivers/STM32F1xx_HAL_Driver/Inc/Legacy -I../Drivers/CMSIS/Device/ST/STM32F1xx/Include -I../Drivers/CMSIS/Include -O0 -ffunction-sections -fdata-sections -Wall -fstack-usage -MMD -MP -MF"Core/Src/sysmem.d" -MT"Core/Src/sysmem.o" --specs=nano.specs -mfloat-abi=soft -mthumb -o "Core/Src/sysmem.o"
arm-none-eabi-gcc "../Core/Src/system_stm32f1xx.c" -mcpu=cortex-m3 -std=gnu11 -g3 -DDEBUG -DUSE_HAL_DRIVER -DSTM32F103x6 -c -I../Core/Inc -I../Drivers/STM32F1xx_HAL_Driver/Inc -I../Drivers/STM32F1xx_HAL_Driver/Inc/Legacy -I../Drivers/CMSIS/Device/ST/STM32F1xx/Include -I../Drivers/CMSIS/Include -O0 -ffunction-sections -fdata-sections -Wall -fstack-usage -MMD -MP -MF"Core/Src/system_stm32f1xx.d" -MT"Core/Src/system_stm32f1xx.o" --specs=nano.specs -mfloat-abi=soft -mthumb -o "Core/Src/system_stm32f1xx.o"
arm-none-eabi-gcc -o "Novo_LCD_4bits.elf" @"objects.list"   -mcpu=cortex-m3 -T"C:\PUCRS\Processadores\Workspace\Novo_LCD_4bits\STM32F103C6TX_FLASH.ld" --specs=nosys.specs -Wl,-Map="Novo_LCD_4bits.map" -Wl,--gc-sections -static --specs=nano.specs -mfloat-abi=soft -mthumb -Wl,--start-group -lc -lm -Wl,--end-group
Finished building target: Novo_LCD_4bits.elf
 
arm-none-eabi-size   Novo_LCD_4bits.elf 
arm-none-eabi-objdump -h -S  Novo_LCD_4bits.elf  > "Novo_LCD_4bits.list"
arm-none-eabi-objcopy  -O ihex  Novo_LCD_4bits.elf  "Novo_LCD_4bits.hex"
arm-none-eabi-objcopy  -O binary  Novo_LCD_4bits.elf  "Novo_LCD_4bits.bin"
   text	   data	    bss	    dec	    hex	filename
   5172	     20	   1572	   6764	   1a6c	Novo_LCD_4bits.elf
Finished building: default.size.stdout
 
Finished building: Novo_LCD_4bits.bin
Finished building: Novo_LCD_4bits.hex
Finished building: Novo_LCD_4bits.list
 
 
 

22:47:20 Build Finished. 0 errors, 0 warnings. (took 1s.472ms)

17:59:54 **** Incremental Build of configuration Debug for project Novo_LCD_4bits ****
make -j12 all 
arm-none-eabi-gcc "../Core/Src/main.c" -mcpu=cortex-m3 -std=gnu11 -g3 -DDEBUG -DUSE_HAL_DRIVER -DSTM32F103x6 -c -I../Core/Inc -I../Drivers/STM32F1xx_HAL_Driver/Inc -I../Drivers/STM32F1xx_HAL_Driver/Inc/Legacy -I../Drivers/CMSIS/Device/ST/STM32F1xx/Include -I../Drivers/CMSIS/Include -O0 -ffunction-sections -fdata-sections -Wall -fstack-usage -MMD -MP -MF"Core/Src/main.d" -MT"Core/Src/main.o" --specs=nano.specs -mfloat-abi=soft -mthumb -o "Core/Src/main.o"
../Core/Src/main.c: In function 'lcd_wrstr':
../Core/Src/main.c:296:14: warning: implicit declaration of function 'lcd_char'; did you mean 'lcd_clear'? [-Wimplicit-function-declaration]
  296 |  while(*str) lcd_char(*(str++));
      |              ^~~~~~~~
      |              lcd_clear
arm-none-eabi-gcc -o "Novo_LCD_4bits.elf" @"objects.list"   -mcpu=cortex-m3 -T"C:\PUCRS\Processadores\Workspace\Novo_LCD_4bits\STM32F103C6TX_FLASH.ld" --specs=nosys.specs -Wl,-Map="Novo_LCD_4bits.map" -Wl,--gc-sections -static --specs=nano.specs -mfloat-abi=soft -mthumb -Wl,--start-group -lc -lm -Wl,--end-group
c:\st\stm32cubeide_1.6.1\stm32cubeide\plugins\com.st.stm32cube.ide.mcu.externaltools.gnu-tools-for-stm32.9-2020-q2-update.win32_1.5.0.202011040924\tools\arm-none-eabi\bin\ld.exe: Core/Src/main.o: in function `lcd_wrstr':
C:/PUCRS/Processadores/Workspace/Novo_LCD_4bits/Debug/../Core/Src/main.c:296: undefined reference to `lcd_char'
collect2.exe: error: ld returned 1 exit status
make: *** [makefile:68: Novo_LCD_4bits.elf] Error 1
"make -j12 all" terminated with exit code 2. Build might be incomplete.
18:00:21 **** Incremental Build of configuration Debug for project Novo_LCD_4bits ****
make -j12 all 
arm-none-eabi-gcc "../Core/Src/main.c" -mcpu=cortex-m3 -std=gnu11 -g3 -DDEBUG -DUSE_HAL_DRIVER -DSTM32F103x6 -c -I../Core/Inc -I../Drivers/STM32F1xx_HAL_Driver/Inc -I../Drivers/STM32F1xx_HAL_Driver/Inc/Legacy -I../Drivers/CMSIS/Device/ST/STM32F1xx/Include -I../Drivers/CMSIS/Include -O0 -ffunction-sections -fdata-sections -Wall -fstack-usage -MMD -MP -MF"Core/Src/main.d" -MT"Core/Src/main.o" --specs=nano.specs -mfloat-abi=soft -mthumb -o "Core/Src/main.o"
arm-none-eabi-gcc -o "Novo_LCD_4bits.elf" @"objects.list"   -mcpu=cortex-m3 -T"C:\PUCRS\Processadores\Workspace\Novo_LCD_4bits\STM32F103C6TX_FLASH.ld" --specs=nosys.specs -Wl,-Map="Novo_LCD_4bits.map" -Wl,--gc-sections -static --specs=nano.specs -mfloat-abi=soft -mthumb -Wl,--start-group -lc -lm -Wl,--end-group
Finished building target: Novo_LCD_4bits.elf
 
arm-none-eabi-objdump -h -S  Novo_LCD_4bits.elf  > "Novo_LCD_4bits.list"
arm-none-eabi-objcopy  -O ihex  Novo_LCD_4bits.elf  "Novo_LCD_4bits.hex"
arm-none-eabi-objcopy  -O binary  Novo_LCD_4bits.elf  "Novo_LCD_4bits.bin"
arm-none-eabi-size   Novo_LCD_4bits.elf 
   text	   data	    bss	    dec	    hex	filename
   5216	     20	   1572	   6808	   1a98	Novo_LCD_4bits.elf
Finished building: default.size.stdout
 
Finished building: Novo_LCD_4bits.hex
Finished building: Novo_LCD_4bits.bin
 
 
Finished building: Novo_LCD_4bits.list
 
18:01:08 **** Incremental Build of configuration Debug for project Novo_LCD_4bits ****
make -j12 all 
arm-none-eabi-gcc "../Core/Src/main.c" -mcpu=cortex-m3 -std=gnu11 -g3 -DDEBUG -DUSE_HAL_DRIVER -DSTM32F103x6 -c -I../Core/Inc -I../Drivers/STM32F1xx_HAL_Driver/Inc -I../Drivers/STM32F1xx_HAL_Driver/Inc/Legacy -I../Drivers/CMSIS/Device/ST/STM32F1xx/Include -I../Drivers/CMSIS/Include -O0 -ffunction-sections -fdata-sections -Wall -fstack-usage -MMD -MP -MF"Core/Src/main.d" -MT"Core/Src/main.o" --specs=nano.specs -mfloat-abi=soft -mthumb -o "Core/Src/main.o"
arm-none-eabi-gcc -o "Novo_LCD_4bits.elf" @"objects.list"   -mcpu=cortex-m3 -T"C:\PUCRS\Processadores\Workspace\Novo_LCD_4bits\STM32F103C6TX_FLASH.ld" --specs=nosys.specs -Wl,-Map="Novo_LCD_4bits.map" -Wl,--gc-sections -static --specs=nano.specs -mfloat-abi=soft -mthumb -Wl,--start-group -lc -lm -Wl,--end-group
Finished building target: Novo_LCD_4bits.elf
 
arm-none-eabi-objdump -h -S  Novo_LCD_4bits.elf  > "Novo_LCD_4bits.list"
arm-none-eabi-objcopy  -O ihex  Novo_LCD_4bits.elf  "Novo_LCD_4bits.hex"
arm-none-eabi-objcopy  -O binary  Novo_LCD_4bits.elf  "Novo_LCD_4bits.bin"
arm-none-eabi-size   Novo_LCD_4bits.elf 
   text	   data	    bss	    dec	    hex	filename
   5220	     20	   1572	   6812	   1a9c	Novo_LCD_4bits.elf
Finished building: default.size.stdout
 
Finished building: Novo_LCD_4bits.hex
Finished building: Novo_LCD_4bits.bin
 
 
Finished building: Novo_LCD_4bits.list
 
18:05:44 **** Incremental Build of configuration Debug for project Novo_LCD_4bits ****
make -j12 all 
arm-none-eabi-gcc "../Core/Src/main.c" -mcpu=cortex-m3 -std=gnu11 -g3 -DDEBUG -DUSE_HAL_DRIVER -DSTM32F103x6 -c -I../Core/Inc -I../Drivers/STM32F1xx_HAL_Driver/Inc -I../Drivers/STM32F1xx_HAL_Driver/Inc/Legacy -I../Drivers/CMSIS/Device/ST/STM32F1xx/Include -I../Drivers/CMSIS/Include -O0 -ffunction-sections -fdata-sections -Wall -fstack-usage -MMD -MP -MF"Core/Src/main.d" -MT"Core/Src/main.o" --specs=nano.specs -mfloat-abi=soft -mthumb -o "Core/Src/main.o"
../Core/Src/main.c: In function 'main':
../Core/Src/main.c:97:8: warning: variable 'x' set but not used [-Wunused-but-set-variable]
   97 |  float x;
      |        ^
../Core/Src/main.c:126:3: warning: 'k' is used uninitialized in this function [-Wuninitialized]
  126 |   sprintf(str, "%d", k); // @suppress("Float formatting support")
      |   ^~~~~~~~~~~~~~~~~~~~~
arm-none-eabi-gcc -o "Novo_LCD_4bits.elf" @"objects.list"   -mcpu=cortex-m3 -T"C:\PUCRS\Processadores\Workspace\Novo_LCD_4bits\STM32F103C6TX_FLASH.ld" --specs=nosys.specs -Wl,-Map="Novo_LCD_4bits.map" -Wl,--gc-sections -static --specs=nano.specs -mfloat-abi=soft -mthumb -Wl,--start-group -lc -lm -Wl,--end-group
Finished building target: Novo_LCD_4bits.elf
 
arm-none-eabi-objdump -h -S  Novo_LCD_4bits.elf  > "Novo_LCD_4bits.list"
arm-none-eabi-objcopy  -O ihex  Novo_LCD_4bits.elf  "Novo_LCD_4bits.hex"
arm-none-eabi-objcopy  -O binary  Novo_LCD_4bits.elf  "Novo_LCD_4bits.bin"
arm-none-eabi-size   Novo_LCD_4bits.elf 
   text	   data	    bss	    dec	    hex	filename
   7584	    120	   1600	   9304	   2458	Novo_LCD_4bits.elf
Finished building: default.size.stdout
Finished building: Novo_LCD_4bits.hex
 
Finished building: Novo_LCD_4bits.bin
 
 
Finished building: Novo_LCD_4bits.list
 
18:06:18 **** Incremental Build of configuration Debug for project Novo_LCD_4bits ****
make -j12 all 
arm-none-eabi-gcc "../Core/Src/main.c" -mcpu=cortex-m3 -std=gnu11 -g3 -DDEBUG -DUSE_HAL_DRIVER -DSTM32F103x6 -c -I../Core/Inc -I../Drivers/STM32F1xx_HAL_Driver/Inc -I../Drivers/STM32F1xx_HAL_Driver/Inc/Legacy -I../Drivers/CMSIS/Device/ST/STM32F1xx/Include -I../Drivers/CMSIS/Include -O0 -ffunction-sections -fdata-sections -Wall -fstack-usage -MMD -MP -MF"Core/Src/main.d" -MT"Core/Src/main.o" --specs=nano.specs -mfloat-abi=soft -mthumb -o "Core/Src/main.o"
../Core/Src/main.c: In function 'main':
../Core/Src/main.c:97:8: warning: variable 'x' set but not used [-Wunused-but-set-variable]
   97 |  float x;
      |        ^
../Core/Src/main.c:126:3: warning: 'k' is used uninitialized in this function [-Wuninitialized]
  126 |   sprintf(str, "%d", k);
      |   ^~~~~~~~~~~~~~~~~~~~~
arm-none-eabi-gcc -o "Novo_LCD_4bits.elf" @"objects.list"   -mcpu=cortex-m3 -T"C:\PUCRS\Processadores\Workspace\Novo_LCD_4bits\STM32F103C6TX_FLASH.ld" --specs=nosys.specs -Wl,-Map="Novo_LCD_4bits.map" -Wl,--gc-sections -static --specs=nano.specs -mfloat-abi=soft -mthumb -Wl,--start-group -lc -lm -Wl,--end-group
Finished building target: Novo_LCD_4bits.elf
 
arm-none-eabi-objdump -h -S  Novo_LCD_4bits.elf  > "Novo_LCD_4bits.list"
arm-none-eabi-objcopy  -O ihex  Novo_LCD_4bits.elf  "Novo_LCD_4bits.hex"
arm-none-eabi-objcopy  -O binary  Novo_LCD_4bits.elf  "Novo_LCD_4bits.bin"
arm-none-eabi-size   Novo_LCD_4bits.elf 
   text	   data	    bss	    dec	    hex	filename
   7572	    120	   1600	   9292	   244c	Novo_LCD_4bits.elf
Finished building: default.size.stdout
 
Finished building: Novo_LCD_4bits.hex
Finished building: Novo_LCD_4bits.bin
 
 
Finished building: Novo_LCD_4bits.list
 
18:06:33 **** Incremental Build of configuration Debug for project Novo_LCD_4bits ****
make -j12 all 
arm-none-eabi-gcc "../Core/Src/main.c" -mcpu=cortex-m3 -std=gnu11 -g3 -DDEBUG -DUSE_HAL_DRIVER -DSTM32F103x6 -c -I../Core/Inc -I../Drivers/STM32F1xx_HAL_Driver/Inc -I../Drivers/STM32F1xx_HAL_Driver/Inc/Legacy -I../Drivers/CMSIS/Device/ST/STM32F1xx/Include -I../Drivers/CMSIS/Include -O0 -ffunction-sections -fdata-sections -Wall -fstack-usage -MMD -MP -MF"Core/Src/main.d" -MT"Core/Src/main.o" --specs=nano.specs -mfloat-abi=soft -mthumb -o "Core/Src/main.o"
../Core/Src/main.c: In function 'main':
../Core/Src/main.c:97:8: warning: unused variable 'x' [-Wunused-variable]
   97 |  float x;
      |        ^
arm-none-eabi-gcc -o "Novo_LCD_4bits.elf" @"objects.list"   -mcpu=cortex-m3 -T"C:\PUCRS\Processadores\Workspace\Novo_LCD_4bits\STM32F103C6TX_FLASH.ld" --specs=nosys.specs -Wl,-Map="Novo_LCD_4bits.map" -Wl,--gc-sections -static --specs=nano.specs -mfloat-abi=soft -mthumb -Wl,--start-group -lc -lm -Wl,--end-group
Finished building target: Novo_LCD_4bits.elf
 
arm-none-eabi-objdump -h -S  Novo_LCD_4bits.elf  > "Novo_LCD_4bits.list"
arm-none-eabi-objcopy  -O ihex  Novo_LCD_4bits.elf  "Novo_LCD_4bits.hex"
arm-none-eabi-objcopy  -O binary  Novo_LCD_4bits.elf  "Novo_LCD_4bits.bin"
arm-none-eabi-size   Novo_LCD_4bits.elf 
   text	   data	    bss	    dec	    hex	filename
   7568	    120	   1600	   9288	   2448	Novo_LCD_4bits.elf
Finished building: default.size.stdout
 
Finished building: Novo_LCD_4bits.hex
Finished building: Novo_LCD_4bits.bin
 
 
Finished building: Novo_LCD_4bits.list
 
18:06:46 **** Incremental Build of configuration Debug for project Novo_LCD_4bits ****
make -j12 all 
arm-none-eabi-gcc "../Core/Src/main.c" -mcpu=cortex-m3 -std=gnu11 -g3 -DDEBUG -DUSE_HAL_DRIVER -DSTM32F103x6 -c -I../Core/Inc -I../Drivers/STM32F1xx_HAL_Driver/Inc -I../Drivers/STM32F1xx_HAL_Driver/Inc/Legacy -I../Drivers/CMSIS/Device/ST/STM32F1xx/Include -I../Drivers/CMSIS/Include -O0 -ffunction-sections -fdata-sections -Wall -fstack-usage -MMD -MP -MF"Core/Src/main.d" -MT"Core/Src/main.o" --specs=nano.specs -mfloat-abi=soft -mthumb -o "Core/Src/main.o"
arm-none-eabi-gcc -o "Novo_LCD_4bits.elf" @"objects.list"   -mcpu=cortex-m3 -T"C:\PUCRS\Processadores\Workspace\Novo_LCD_4bits\STM32F103C6TX_FLASH.ld" --specs=nosys.specs -Wl,-Map="Novo_LCD_4bits.map" -Wl,--gc-sections -static --specs=nano.specs -mfloat-abi=soft -mthumb -Wl,--start-group -lc -lm -Wl,--end-group
Finished building target: Novo_LCD_4bits.elf
 
arm-none-eabi-objdump -h -S  Novo_LCD_4bits.elf  > "Novo_LCD_4bits.list"
arm-none-eabi-objcopy  -O ihex  Novo_LCD_4bits.elf  "Novo_LCD_4bits.hex"
arm-none-eabi-objcopy  -O binary  Novo_LCD_4bits.elf  "Novo_LCD_4bits.bin"
arm-none-eabi-size   Novo_LCD_4bits.elf 
   text	   data	    bss	    dec	    hex	filename
   7568	    120	   1600	   9288	   2448	Novo_LCD_4bits.elf
Finished building: default.size.stdout
Finished building: Novo_LCD_4bits.hex
 
Finished building: Novo_LCD_4bits.bin
 
 
Finished building: Novo_LCD_4bits.list
 
18:11:01 **** Incremental Build of configuration Debug for project Novo_LCD_4bits ****
make -j12 all 
arm-none-eabi-gcc "../Core/Src/main.c" -mcpu=cortex-m3 -std=gnu11 -g3 -DDEBUG -DUSE_HAL_DRIVER -DSTM32F103x6 -c -I../Core/Inc -I../Drivers/STM32F1xx_HAL_Driver/Inc -I../Drivers/STM32F1xx_HAL_Driver/Inc/Legacy -I../Drivers/CMSIS/Device/ST/STM32F1xx/Include -I../Drivers/CMSIS/Include -O0 -ffunction-sections -fdata-sections -Wall -fstack-usage -MMD -MP -MF"Core/Src/main.d" -MT"Core/Src/main.o" --specs=nano.specs -mfloat-abi=soft -mthumb -o "Core/Src/main.o"
arm-none-eabi-gcc -o "Novo_LCD_4bits.elf" @"objects.list"   -mcpu=cortex-m3 -T"C:\PUCRS\Processadores\Workspace\Novo_LCD_4bits\STM32F103C6TX_FLASH.ld" --specs=nosys.specs -Wl,-Map="Novo_LCD_4bits.map" -Wl,--gc-sections -static --specs=nano.specs -mfloat-abi=soft -mthumb -Wl,--start-group -lc -lm -Wl,--end-group
Finished building target: Novo_LCD_4bits.elf
 
arm-none-eabi-objdump -h -S  Novo_LCD_4bits.elf  > "Novo_LCD_4bits.list"
arm-none-eabi-objcopy  -O ihex  Novo_LCD_4bits.elf  "Novo_LCD_4bits.hex"
arm-none-eabi-objcopy  -O binary  Novo_LCD_4bits.elf  "Novo_LCD_4bits.bin"
arm-none-eabi-size   Novo_LCD_4bits.elf 
   text	   data	    bss	    dec	    hex	filename
   7628	    120	   1600	   9348	   2484	Novo_LCD_4bits.elf
Finished building: default.size.stdout
 
Finished building: Novo_LCD_4bits.hex
Finished building: Novo_LCD_4bits.bin
 
 
Finished building: Novo_LCD_4bits.list
 
18:11:40 **** Incremental Build of configuration Debug for project Novo_LCD_4bits ****
make -j12 all 
arm-none-eabi-gcc "../Core/Src/main.c" -mcpu=cortex-m3 -std=gnu11 -g3 -DDEBUG -DUSE_HAL_DRIVER -DSTM32F103x6 -c -I../Core/Inc -I../Drivers/STM32F1xx_HAL_Driver/Inc -I../Drivers/STM32F1xx_HAL_Driver/Inc/Legacy -I../Drivers/CMSIS/Device/ST/STM32F1xx/Include -I../Drivers/CMSIS/Include -O0 -ffunction-sections -fdata-sections -Wall -fstack-usage -MMD -MP -MF"Core/Src/main.d" -MT"Core/Src/main.o" --specs=nano.specs -mfloat-abi=soft -mthumb -o "Core/Src/main.o"
arm-none-eabi-gcc -o "Novo_LCD_4bits.elf" @"objects.list"   -mcpu=cortex-m3 -T"C:\PUCRS\Processadores\Workspace\Novo_LCD_4bits\STM32F103C6TX_FLASH.ld" --specs=nosys.specs -Wl,-Map="Novo_LCD_4bits.map" -Wl,--gc-sections -static --specs=nano.specs -mfloat-abi=soft -mthumb -Wl,--start-group -lc -lm -Wl,--end-group
Finished building target: Novo_LCD_4bits.elf
 
arm-none-eabi-objdump -h -S  Novo_LCD_4bits.elf  > "Novo_LCD_4bits.list"
arm-none-eabi-objcopy  -O ihex  Novo_LCD_4bits.elf  "Novo_LCD_4bits.hex"
arm-none-eabi-objcopy  -O binary  Novo_LCD_4bits.elf  "Novo_LCD_4bits.bin"
arm-none-eabi-size   Novo_LCD_4bits.elf 
   text	   data	    bss	    dec	    hex	filename
   7632	    120	   1600	   9352	   2488	Novo_LCD_4bits.elf
Finished building: default.size.stdout
Finished building: Novo_LCD_4bits.hex
 
Finished building: Novo_LCD_4bits.bin
 
Finished building: Novo_LCD_4bits.list
 
 
19:00:57 **** Build of configuration Debug for project Trabalho_2 ****
make -j12 all 
arm-none-eabi-gcc "../Drivers/STM32F1xx_HAL_Driver/Src/stm32f1xx_hal.c" -mcpu=cortex-m3 -std=gnu11 -g3 -DDEBUG -DUSE_HAL_DRIVER -DSTM32F103x6 -c -I../Core/Inc -I../Drivers/STM32F1xx_HAL_Driver/Inc -I../Drivers/STM32F1xx_HAL_Driver/Inc/Legacy -I../Drivers/CMSIS/Device/ST/STM32F1xx/Include -I../Drivers/CMSIS/Include -O0 -ffunction-sections -fdata-sections -Wall -fstack-usage -MMD -MP -MF"Drivers/STM32F1xx_HAL_Driver/Src/stm32f1xx_hal.d" -MT"Drivers/STM32F1xx_HAL_Driver/Src/stm32f1xx_hal.o" --specs=nano.specs -mfloat-abi=soft -mthumb -o "Drivers/STM32F1xx_HAL_Driver/Src/stm32f1xx_hal.o"
arm-none-eabi-gcc "../Drivers/STM32F1xx_HAL_Driver/Src/stm32f1xx_hal_cortex.c" -mcpu=cortex-m3 -std=gnu11 -g3 -DDEBUG -DUSE_HAL_DRIVER -DSTM32F103x6 -c -I../Core/Inc -I../Drivers/STM32F1xx_HAL_Driver/Inc -I../Drivers/STM32F1xx_HAL_Driver/Inc/Legacy -I../Drivers/CMSIS/Device/ST/STM32F1xx/Include -I../Drivers/CMSIS/Include -O0 -ffunction-sections -fdata-sections -Wall -fstack-usage -MMD -MP -MF"Drivers/STM32F1xx_HAL_Driver/Src/stm32f1xx_hal_cortex.d" -MT"Drivers/STM32F1xx_HAL_Driver/Src/stm32f1xx_hal_cortex.o" --specs=nano.specs -mfloat-abi=soft -mthumb -o "Drivers/STM32F1xx_HAL_Driver/Src/stm32f1xx_hal_cortex.o"
arm-none-eabi-gcc "../Drivers/STM32F1xx_HAL_Driver/Src/stm32f1xx_hal_dma.c" -mcpu=cortex-m3 -std=gnu11 -g3 -DDEBUG -DUSE_HAL_DRIVER -DSTM32F103x6 -c -I../Core/Inc -I../Drivers/STM32F1xx_HAL_Driver/Inc -I../Drivers/STM32F1xx_HAL_Driver/Inc/Legacy -I../Drivers/CMSIS/Device/ST/STM32F1xx/Include -I../Drivers/CMSIS/Include -O0 -ffunction-sections -fdata-sections -Wall -fstack-usage -MMD -MP -MF"Drivers/STM32F1xx_HAL_Driver/Src/stm32f1xx_hal_dma.d" -MT"Drivers/STM32F1xx_HAL_Driver/Src/stm32f1xx_hal_dma.o" --specs=nano.specs -mfloat-abi=soft -mthumb -o "Drivers/STM32F1xx_HAL_Driver/Src/stm32f1xx_hal_dma.o"
arm-none-eabi-gcc "../Drivers/STM32F1xx_HAL_Driver/Src/stm32f1xx_hal_exti.c" -mcpu=cortex-m3 -std=gnu11 -g3 -DDEBUG -DUSE_HAL_DRIVER -DSTM32F103x6 -c -I../Core/Inc -I../Drivers/STM32F1xx_HAL_Driver/Inc -I../Drivers/STM32F1xx_HAL_Driver/Inc/Legacy -I../Drivers/CMSIS/Device/ST/STM32F1xx/Include -I../Drivers/CMSIS/Include -O0 -ffunction-sections -fdata-sections -Wall -fstack-usage -MMD -MP -MF"Drivers/STM32F1xx_HAL_Driver/Src/stm32f1xx_hal_exti.d" -MT"Drivers/STM32F1xx_HAL_Driver/Src/stm32f1xx_hal_exti.o" --specs=nano.specs -mfloat-abi=soft -mthumb -o "Drivers/STM32F1xx_HAL_Driver/Src/stm32f1xx_hal_exti.o"
arm-none-eabi-gcc "../Drivers/STM32F1xx_HAL_Driver/Src/stm32f1xx_hal_flash.c" -mcpu=cortex-m3 -std=gnu11 -g3 -DDEBUG -DUSE_HAL_DRIVER -DSTM32F103x6 -c -I../Core/Inc -I../Drivers/STM32F1xx_HAL_Driver/Inc -I../Drivers/STM32F1xx_HAL_Driver/Inc/Legacy -I../Drivers/CMSIS/Device/ST/STM32F1xx/Include -I../Drivers/CMSIS/Include -O0 -ffunction-sections -fdata-sections -Wall -fstack-usage -MMD -MP -MF"Drivers/STM32F1xx_HAL_Driver/Src/stm32f1xx_hal_flash.d" -MT"Drivers/STM32F1xx_HAL_Driver/Src/stm32f1xx_hal_flash.o" --specs=nano.specs -mfloat-abi=soft -mthumb -o "Drivers/STM32F1xx_HAL_Driver/Src/stm32f1xx_hal_flash.o"
arm-none-eabi-gcc "../Drivers/STM32F1xx_HAL_Driver/Src/stm32f1xx_hal_flash_ex.c" -mcpu=cortex-m3 -std=gnu11 -g3 -DDEBUG -DUSE_HAL_DRIVER -DSTM32F103x6 -c -I../Core/Inc -I../Drivers/STM32F1xx_HAL_Driver/Inc -I../Drivers/STM32F1xx_HAL_Driver/Inc/Legacy -I../Drivers/CMSIS/Device/ST/STM32F1xx/Include -I../Drivers/CMSIS/Include -O0 -ffunction-sections -fdata-sections -Wall -fstack-usage -MMD -MP -MF"Drivers/STM32F1xx_HAL_Driver/Src/stm32f1xx_hal_flash_ex.d" -MT"Drivers/STM32F1xx_HAL_Driver/Src/stm32f1xx_hal_flash_ex.o" --specs=nano.specs -mfloat-abi=soft -mthumb -o "Drivers/STM32F1xx_HAL_Driver/Src/stm32f1xx_hal_flash_ex.o"
arm-none-eabi-gcc "../Drivers/STM32F1xx_HAL_Driver/Src/stm32f1xx_hal_gpio.c" -mcpu=cortex-m3 -std=gnu11 -g3 -DDEBUG -DUSE_HAL_DRIVER -DSTM32F103x6 -c -I../Core/Inc -I../Drivers/STM32F1xx_HAL_Driver/Inc -I../Drivers/STM32F1xx_HAL_Driver/Inc/Legacy -I../Drivers/CMSIS/Device/ST/STM32F1xx/Include -I../Drivers/CMSIS/Include -O0 -ffunction-sections -fdata-sections -Wall -fstack-usage -MMD -MP -MF"Drivers/STM32F1xx_HAL_Driver/Src/stm32f1xx_hal_gpio.d" -MT"Drivers/STM32F1xx_HAL_Driver/Src/stm32f1xx_hal_gpio.o" --specs=nano.specs -mfloat-abi=soft -mthumb -o "Drivers/STM32F1xx_HAL_Driver/Src/stm32f1xx_hal_gpio.o"
arm-none-eabi-gcc "../Drivers/STM32F1xx_HAL_Driver/Src/stm32f1xx_hal_gpio_ex.c" -mcpu=cortex-m3 -std=gnu11 -g3 -DDEBUG -DUSE_HAL_DRIVER -DSTM32F103x6 -c -I../Core/Inc -I../Drivers/STM32F1xx_HAL_Driver/Inc -I../Drivers/STM32F1xx_HAL_Driver/Inc/Legacy -I../Drivers/CMSIS/Device/ST/STM32F1xx/Include -I../Drivers/CMSIS/Include -O0 -ffunction-sections -fdata-sections -Wall -fstack-usage -MMD -MP -MF"Drivers/STM32F1xx_HAL_Driver/Src/stm32f1xx_hal_gpio_ex.d" -MT"Drivers/STM32F1xx_HAL_Driver/Src/stm32f1xx_hal_gpio_ex.o" --specs=nano.specs -mfloat-abi=soft -mthumb -o "Drivers/STM32F1xx_HAL_Driver/Src/stm32f1xx_hal_gpio_ex.o"
arm-none-eabi-gcc "../Drivers/STM32F1xx_HAL_Driver/Src/stm32f1xx_hal_pwr.c" -mcpu=cortex-m3 -std=gnu11 -g3 -DDEBUG -DUSE_HAL_DRIVER -DSTM32F103x6 -c -I../Core/Inc -I../Drivers/STM32F1xx_HAL_Driver/Inc -I../Drivers/STM32F1xx_HAL_Driver/Inc/Legacy -I../Drivers/CMSIS/Device/ST/STM32F1xx/Include -I../Drivers/CMSIS/Include -O0 -ffunction-sections -fdata-sections -Wall -fstack-usage -MMD -MP -MF"Drivers/STM32F1xx_HAL_Driver/Src/stm32f1xx_hal_pwr.d" -MT"Drivers/STM32F1xx_HAL_Driver/Src/stm32f1xx_hal_pwr.o" --specs=nano.specs -mfloat-abi=soft -mthumb -o "Drivers/STM32F1xx_HAL_Driver/Src/stm32f1xx_hal_pwr.o"
arm-none-eabi-gcc "../Drivers/STM32F1xx_HAL_Driver/Src/stm32f1xx_hal_rcc.c" -mcpu=cortex-m3 -std=gnu11 -g3 -DDEBUG -DUSE_HAL_DRIVER -DSTM32F103x6 -c -I../Core/Inc -I../Drivers/STM32F1xx_HAL_Driver/Inc -I../Drivers/STM32F1xx_HAL_Driver/Inc/Legacy -I../Drivers/CMSIS/Device/ST/STM32F1xx/Include -I../Drivers/CMSIS/Include -O0 -ffunction-sections -fdata-sections -Wall -fstack-usage -MMD -MP -MF"Drivers/STM32F1xx_HAL_Driver/Src/stm32f1xx_hal_rcc.d" -MT"Drivers/STM32F1xx_HAL_Driver/Src/stm32f1xx_hal_rcc.o" --specs=nano.specs -mfloat-abi=soft -mthumb -o "Drivers/STM32F1xx_HAL_Driver/Src/stm32f1xx_hal_rcc.o"
arm-none-eabi-gcc "../Drivers/STM32F1xx_HAL_Driver/Src/stm32f1xx_hal_rcc_ex.c" -mcpu=cortex-m3 -std=gnu11 -g3 -DDEBUG -DUSE_HAL_DRIVER -DSTM32F103x6 -c -I../Core/Inc -I../Drivers/STM32F1xx_HAL_Driver/Inc -I../Drivers/STM32F1xx_HAL_Driver/Inc/Legacy -I../Drivers/CMSIS/Device/ST/STM32F1xx/Include -I../Drivers/CMSIS/Include -O0 -ffunction-sections -fdata-sections -Wall -fstack-usage -MMD -MP -MF"Drivers/STM32F1xx_HAL_Driver/Src/stm32f1xx_hal_rcc_ex.d" -MT"Drivers/STM32F1xx_HAL_Driver/Src/stm32f1xx_hal_rcc_ex.o" --specs=nano.specs -mfloat-abi=soft -mthumb -o "Drivers/STM32F1xx_HAL_Driver/Src/stm32f1xx_hal_rcc_ex.o"
arm-none-eabi-gcc "../Drivers/STM32F1xx_HAL_Driver/Src/stm32f1xx_hal_tim.c" -mcpu=cortex-m3 -std=gnu11 -g3 -DDEBUG -DUSE_HAL_DRIVER -DSTM32F103x6 -c -I../Core/Inc -I../Drivers/STM32F1xx_HAL_Driver/Inc -I../Drivers/STM32F1xx_HAL_Driver/Inc/Legacy -I../Drivers/CMSIS/Device/ST/STM32F1xx/Include -I../Drivers/CMSIS/Include -O0 -ffunction-sections -fdata-sections -Wall -fstack-usage -MMD -MP -MF"Drivers/STM32F1xx_HAL_Driver/Src/stm32f1xx_hal_tim.d" -MT"Drivers/STM32F1xx_HAL_Driver/Src/stm32f1xx_hal_tim.o" --specs=nano.specs -mfloat-abi=soft -mthumb -o "Drivers/STM32F1xx_HAL_Driver/Src/stm32f1xx_hal_tim.o"
arm-none-eabi-gcc "../Drivers/STM32F1xx_HAL_Driver/Src/stm32f1xx_hal_tim_ex.c" -mcpu=cortex-m3 -std=gnu11 -g3 -DDEBUG -DUSE_HAL_DRIVER -DSTM32F103x6 -c -I../Core/Inc -I../Drivers/STM32F1xx_HAL_Driver/Inc -I../Drivers/STM32F1xx_HAL_Driver/Inc/Legacy -I../Drivers/CMSIS/Device/ST/STM32F1xx/Include -I../Drivers/CMSIS/Include -O0 -ffunction-sections -fdata-sections -Wall -fstack-usage -MMD -MP -MF"Drivers/STM32F1xx_HAL_Driver/Src/stm32f1xx_hal_tim_ex.d" -MT"Drivers/STM32F1xx_HAL_Driver/Src/stm32f1xx_hal_tim_ex.o" --specs=nano.specs -mfloat-abi=soft -mthumb -o "Drivers/STM32F1xx_HAL_Driver/Src/stm32f1xx_hal_tim_ex.o"
arm-none-eabi-gcc -mcpu=cortex-m3 -g3 -c -x assembler-with-cpp -MMD -MP -MF"Core/Startup/startup_stm32f103c6tx.d" -MT"Core/Startup/startup_stm32f103c6tx.o" --specs=nano.specs -mfloat-abi=soft -mthumb -o "Core/Startup/startup_stm32f103c6tx.o" "../Core/Startup/startup_stm32f103c6tx.s"
arm-none-eabi-gcc "../Core/Src/main.c" -mcpu=cortex-m3 -std=gnu11 -g3 -DDEBUG -DUSE_HAL_DRIVER -DSTM32F103x6 -c -I../Core/Inc -I../Drivers/STM32F1xx_HAL_Driver/Inc -I../Drivers/STM32F1xx_HAL_Driver/Inc/Legacy -I../Drivers/CMSIS/Device/ST/STM32F1xx/Include -I../Drivers/CMSIS/Include -O0 -ffunction-sections -fdata-sections -Wall -fstack-usage -MMD -MP -MF"Core/Src/main.d" -MT"Core/Src/main.o" --specs=nano.specs -mfloat-abi=soft -mthumb -o "Core/Src/main.o"
arm-none-eabi-gcc "../Core/Src/stm32f1xx_hal_msp.c" -mcpu=cortex-m3 -std=gnu11 -g3 -DDEBUG -DUSE_HAL_DRIVER -DSTM32F103x6 -c -I../Core/Inc -I../Drivers/STM32F1xx_HAL_Driver/Inc -I../Drivers/STM32F1xx_HAL_Driver/Inc/Legacy -I../Drivers/CMSIS/Device/ST/STM32F1xx/Include -I../Drivers/CMSIS/Include -O0 -ffunction-sections -fdata-sections -Wall -fstack-usage -MMD -MP -MF"Core/Src/stm32f1xx_hal_msp.d" -MT"Core/Src/stm32f1xx_hal_msp.o" --specs=nano.specs -mfloat-abi=soft -mthumb -o "Core/Src/stm32f1xx_hal_msp.o"
arm-none-eabi-gcc "../Core/Src/stm32f1xx_it.c" -mcpu=cortex-m3 -std=gnu11 -g3 -DDEBUG -DUSE_HAL_DRIVER -DSTM32F103x6 -c -I../Core/Inc -I../Drivers/STM32F1xx_HAL_Driver/Inc -I../Drivers/STM32F1xx_HAL_Driver/Inc/Legacy -I../Drivers/CMSIS/Device/ST/STM32F1xx/Include -I../Drivers/CMSIS/Include -O0 -ffunction-sections -fdata-sections -Wall -fstack-usage -MMD -MP -MF"Core/Src/stm32f1xx_it.d" -MT"Core/Src/stm32f1xx_it.o" --specs=nano.specs -mfloat-abi=soft -mthumb -o "Core/Src/stm32f1xx_it.o"
arm-none-eabi-gcc "../Core/Src/syscalls.c" -mcpu=cortex-m3 -std=gnu11 -g3 -DDEBUG -DUSE_HAL_DRIVER -DSTM32F103x6 -c -I../Core/Inc -I../Drivers/STM32F1xx_HAL_Driver/Inc -I../Drivers/STM32F1xx_HAL_Driver/Inc/Legacy -I../Drivers/CMSIS/Device/ST/STM32F1xx/Include -I../Drivers/CMSIS/Include -O0 -ffunction-sections -fdata-sections -Wall -fstack-usage -MMD -MP -MF"Core/Src/syscalls.d" -MT"Core/Src/syscalls.o" --specs=nano.specs -mfloat-abi=soft -mthumb -o "Core/Src/syscalls.o"
arm-none-eabi-gcc "../Core/Src/sysmem.c" -mcpu=cortex-m3 -std=gnu11 -g3 -DDEBUG -DUSE_HAL_DRIVER -DSTM32F103x6 -c -I../Core/Inc -I../Drivers/STM32F1xx_HAL_Driver/Inc -I../Drivers/STM32F1xx_HAL_Driver/Inc/Legacy -I../Drivers/CMSIS/Device/ST/STM32F1xx/Include -I../Drivers/CMSIS/Include -O0 -ffunction-sections -fdata-sections -Wall -fstack-usage -MMD -MP -MF"Core/Src/sysmem.d" -MT"Core/Src/sysmem.o" --specs=nano.specs -mfloat-abi=soft -mthumb -o "Core/Src/sysmem.o"
arm-none-eabi-gcc "../Core/Src/system_stm32f1xx.c" -mcpu=cortex-m3 -std=gnu11 -g3 -DDEBUG -DUSE_HAL_DRIVER -DSTM32F103x6 -c -I../Core/Inc -I../Drivers/STM32F1xx_HAL_Driver/Inc -I../Drivers/STM32F1xx_HAL_Driver/Inc/Legacy -I../Drivers/CMSIS/Device/ST/STM32F1xx/Include -I../Drivers/CMSIS/Include -O0 -ffunction-sections -fdata-sections -Wall -fstack-usage -MMD -MP -MF"Core/Src/system_stm32f1xx.d" -MT"Core/Src/system_stm32f1xx.o" --specs=nano.specs -mfloat-abi=soft -mthumb -o "Core/Src/system_stm32f1xx.o"
../Core/Src/main.c: In function 'main':
../Core/Src/main.c:93:49: warning: unused variable 'on' [-Wunused-variable]
   93 |  int valor1, valor2, soma, sub, div, mult, res, on;
      |                                                 ^~
../Core/Src/main.c:93:44: warning: unused variable 'res' [-Wunused-variable]
   93 |  int valor1, valor2, soma, sub, div, mult, res, on;
      |                                            ^~~
../Core/Src/main.c:93:38: warning: unused variable 'mult' [-Wunused-variable]
   93 |  int valor1, valor2, soma, sub, div, mult, res, on;
      |                                      ^~~~
../Core/Src/main.c:93:33: warning: unused variable 'div' [-Wunused-variable]
   93 |  int valor1, valor2, soma, sub, div, mult, res, on;
      |                                 ^~~
../Core/Src/main.c:93:28: warning: unused variable 'sub' [-Wunused-variable]
   93 |  int valor1, valor2, soma, sub, div, mult, res, on;
      |                            ^~~
../Core/Src/main.c:93:22: warning: unused variable 'soma' [-Wunused-variable]
   93 |  int valor1, valor2, soma, sub, div, mult, res, on;
      |                      ^~~~
../Core/Src/main.c:93:14: warning: unused variable 'valor2' [-Wunused-variable]
   93 |  int valor1, valor2, soma, sub, div, mult, res, on;
      |              ^~~~~~
../Core/Src/main.c:93:6: warning: unused variable 'valor1' [-Wunused-variable]
   93 |  int valor1, valor2, soma, sub, div, mult, res, on;
      |      ^~~~~~
arm-none-eabi-gcc -o "Trabalho_2.elf" @"objects.list"   -mcpu=cortex-m3 -T"C:\PUCRS\Processadores\Workspace\Trabalho_2\STM32F103C6TX_FLASH.ld" --specs=nosys.specs -Wl,-Map="Trabalho_2.map" -Wl,--gc-sections -static --specs=nano.specs -mfloat-abi=soft -mthumb -Wl,--start-group -lc -lm -Wl,--end-group
Finished building target: Trabalho_2.elf
 
arm-none-eabi-size   Trabalho_2.elf 
arm-none-eabi-objdump -h -S  Trabalho_2.elf  > "Trabalho_2.list"
arm-none-eabi-objcopy  -O binary  Trabalho_2.elf  "Trabalho_2.bin"
   text	   data	    bss	    dec	    hex	filename
   7688	    120	   1600	   9408	   24c0	Trabalho_2.elf
Finished building: default.size.stdout
 
Finished building: Trabalho_2.bin
 
Finished building: Trabalho_2.list
 
19:01:22 **** Incremental Build of configuration Debug for project Trabalho_2 ****
make -j12 all 
arm-none-eabi-gcc -o "Trabalho_2.elf" @"objects.list"   -mcpu=cortex-m3 -T"C:\PUCRS\Processadores\Workspace\Trabalho_2\STM32F103C6TX_FLASH.ld" --specs=nosys.specs -Wl,-Map="Trabalho_2.map" -Wl,--gc-sections -static --specs=nano.specs -mfloat-abi=soft -mthumb -Wl,--start-group -lc -lm -Wl,--end-group
Finished building target: Trabalho_2.elf
 
arm-none-eabi-objdump -h -S  Trabalho_2.elf  > "Trabalho_2.list"
arm-none-eabi-objcopy  -O binary  Trabalho_2.elf  "Trabalho_2.bin"
arm-none-eabi-size   Trabalho_2.elf 
arm-none-eabi-objcopy  -O ihex  Trabalho_2.elf  "Trabalho_2.hex"
   text	   data	    bss	    dec	    hex	filename
   7688	    120	   1600	   9408	   24c0	Trabalho_2.elf
Finished building: default.size.stdout
 
Finished building: Trabalho_2.bin
Finished building: Trabalho_2.hex
 
 
Finished building: Trabalho_2.list
 
19:03:29 **** Incremental Build of configuration Debug for project Trabalho_2 ****
make -j12 all 
arm-none-eabi-gcc "../Core/Src/main.c" -mcpu=cortex-m3 -std=gnu11 -g3 -DDEBUG -DUSE_HAL_DRIVER -DSTM32F103x6 -c -I../Core/Inc -I../Drivers/STM32F1xx_HAL_Driver/Inc -I../Drivers/STM32F1xx_HAL_Driver/Inc/Legacy -I../Drivers/CMSIS/Device/ST/STM32F1xx/Include -I../Drivers/CMSIS/Include -O0 -ffunction-sections -fdata-sections -Wall -fstack-usage -MMD -MP -MF"Core/Src/main.d" -MT"Core/Src/main.o" --specs=nano.specs -mfloat-abi=soft -mthumb -o "Core/Src/main.o"
../Core/Src/main.c: In function 'main':
../Core/Src/main.c:93:49: warning: unused variable 'on' [-Wunused-variable]
   93 |  int valor1, valor2, soma, sub, div, mult, res, on;
      |                                                 ^~
../Core/Src/main.c:93:44: warning: unused variable 'res' [-Wunused-variable]
   93 |  int valor1, valor2, soma, sub, div, mult, res, on;
      |                                            ^~~
../Core/Src/main.c:93:38: warning: unused variable 'mult' [-Wunused-variable]
   93 |  int valor1, valor2, soma, sub, div, mult, res, on;
      |                                      ^~~~
../Core/Src/main.c:93:33: warning: unused variable 'div' [-Wunused-variable]
   93 |  int valor1, valor2, soma, sub, div, mult, res, on;
      |                                 ^~~
../Core/Src/main.c:93:28: warning: unused variable 'sub' [-Wunused-variable]
   93 |  int valor1, valor2, soma, sub, div, mult, res, on;
      |                            ^~~
../Core/Src/main.c:93:22: warning: unused variable 'soma' [-Wunused-variable]
   93 |  int valor1, valor2, soma, sub, div, mult, res, on;
      |                      ^~~~
../Core/Src/main.c:93:14: warning: unused variable 'valor2' [-Wunused-variable]
   93 |  int valor1, valor2, soma, sub, div, mult, res, on;
      |              ^~~~~~
../Core/Src/main.c:93:6: warning: unused variable 'valor1' [-Wunused-variable]
   93 |  int valor1, valor2, soma, sub, div, mult, res, on;
      |      ^~~~~~
arm-none-eabi-gcc -o "Trabalho_2.elf" @"objects.list"   -mcpu=cortex-m3 -T"C:\PUCRS\Processadores\Workspace\Trabalho_2\STM32F103C6TX_FLASH.ld" --specs=nosys.specs -Wl,-Map="Trabalho_2.map" -Wl,--gc-sections -static --specs=nano.specs -mfloat-abi=soft -mthumb -Wl,--start-group -lc -lm -Wl,--end-group
Finished building target: Trabalho_2.elf
 
arm-none-eabi-objdump -h -S  Trabalho_2.elf  > "Trabalho_2.list"
arm-none-eabi-objcopy  -O ihex  Trabalho_2.elf  "Trabalho_2.hex"
arm-none-eabi-objcopy  -O binary  Trabalho_2.elf  "Trabalho_2.bin"
arm-none-eabi-size   Trabalho_2.elf 
   text	   data	    bss	    dec	    hex	filename
   7696	    120	   1600	   9416	   24c8	Trabalho_2.elf
Finished building: default.size.stdout
 
Finished building: Trabalho_2.hex
Finished building: Trabalho_2.bin
 
 
Finished building: Trabalho_2.list
 
19:05:12 **** Incremental Build of configuration Debug for project Trabalho_2 ****
make -j12 all 
arm-none-eabi-gcc "../Core/Src/main.c" -mcpu=cortex-m3 -std=gnu11 -g3 -DDEBUG -DUSE_HAL_DRIVER -DSTM32F103x6 -c -I../Core/Inc -I../Drivers/STM32F1xx_HAL_Driver/Inc -I../Drivers/STM32F1xx_HAL_Driver/Inc/Legacy -I../Drivers/CMSIS/Device/ST/STM32F1xx/Include -I../Drivers/CMSIS/Include -O0 -ffunction-sections -fdata-sections -Wall -fstack-usage -MMD -MP -MF"Core/Src/main.d" -MT"Core/Src/main.o" --specs=nano.specs -mfloat-abi=soft -mthumb -o "Core/Src/main.o"
../Core/Src/main.c: In function 'main':
../Core/Src/main.c:93:49: warning: unused variable 'on' [-Wunused-variable]
   93 |  int valor1, valor2, soma, sub, div, mult, res, on;
      |                                                 ^~
../Core/Src/main.c:93:44: warning: unused variable 'res' [-Wunused-variable]
   93 |  int valor1, valor2, soma, sub, div, mult, res, on;
      |                                            ^~~
../Core/Src/main.c:93:38: warning: unused variable 'mult' [-Wunused-variable]
   93 |  int valor1, valor2, soma, sub, div, mult, res, on;
      |                                      ^~~~
../Core/Src/main.c:93:33: warning: unused variable 'div' [-Wunused-variable]
   93 |  int valor1, valor2, soma, sub, div, mult, res, on;
      |                                 ^~~
../Core/Src/main.c:93:28: warning: unused variable 'sub' [-Wunused-variable]
   93 |  int valor1, valor2, soma, sub, div, mult, res, on;
      |                            ^~~
../Core/Src/main.c:93:22: warning: unused variable 'soma' [-Wunused-variable]
   93 |  int valor1, valor2, soma, sub, div, mult, res, on;
      |                      ^~~~
../Core/Src/main.c:93:14: warning: unused variable 'valor2' [-Wunused-variable]
   93 |  int valor1, valor2, soma, sub, div, mult, res, on;
      |              ^~~~~~
../Core/Src/main.c:93:6: warning: unused variable 'valor1' [-Wunused-variable]
   93 |  int valor1, valor2, soma, sub, div, mult, res, on;
      |      ^~~~~~
../Core/Src/main.c:92:6: warning: unused variable 'k' [-Wunused-variable]
   92 |  int k;
      |      ^
../Core/Src/main.c:91:7: warning: unused variable 'str' [-Wunused-variable]
   91 |  char str[20];
      |       ^~~
arm-none-eabi-gcc -o "Trabalho_2.elf" @"objects.list"   -mcpu=cortex-m3 -T"C:\PUCRS\Processadores\Workspace\Trabalho_2\STM32F103C6TX_FLASH.ld" --specs=nosys.specs -Wl,-Map="Trabalho_2.map" -Wl,--gc-sections -static --specs=nano.specs -mfloat-abi=soft -mthumb -Wl,--start-group -lc -lm -Wl,--end-group
Finished building target: Trabalho_2.elf
 
arm-none-eabi-objdump -h -S  Trabalho_2.elf  > "Trabalho_2.list"
arm-none-eabi-objcopy  -O ihex  Trabalho_2.elf  "Trabalho_2.hex"
arm-none-eabi-objcopy  -O binary  Trabalho_2.elf  "Trabalho_2.bin"
arm-none-eabi-size   Trabalho_2.elf 
   text	   data	    bss	    dec	    hex	filename
   5296	     20	   1572	   6888	   1ae8	Trabalho_2.elf
Finished building: default.size.stdout
 
Finished building: Trabalho_2.hex
Finished building: Trabalho_2.bin
 
 
Finished building: Trabalho_2.list
 
19:05:45 **** Incremental Build of configuration Debug for project Trabalho_2 ****
make -j12 all 
arm-none-eabi-gcc "../Core/Src/main.c" -mcpu=cortex-m3 -std=gnu11 -g3 -DDEBUG -DUSE_HAL_DRIVER -DSTM32F103x6 -c -I../Core/Inc -I../Drivers/STM32F1xx_HAL_Driver/Inc -I../Drivers/STM32F1xx_HAL_Driver/Inc/Legacy -I../Drivers/CMSIS/Device/ST/STM32F1xx/Include -I../Drivers/CMSIS/Include -O0 -ffunction-sections -fdata-sections -Wall -fstack-usage -MMD -MP -MF"Core/Src/main.d" -MT"Core/Src/main.o" --specs=nano.specs -mfloat-abi=soft -mthumb -o "Core/Src/main.o"
../Core/Src/main.c: In function 'main':
../Core/Src/main.c:93:49: warning: unused variable 'on' [-Wunused-variable]
   93 |  int valor1, valor2, soma, sub, div, mult, res, on;
      |                                                 ^~
../Core/Src/main.c:93:44: warning: unused variable 'res' [-Wunused-variable]
   93 |  int valor1, valor2, soma, sub, div, mult, res, on;
      |                                            ^~~
../Core/Src/main.c:93:38: warning: unused variable 'mult' [-Wunused-variable]
   93 |  int valor1, valor2, soma, sub, div, mult, res, on;
      |                                      ^~~~
../Core/Src/main.c:93:33: warning: unused variable 'div' [-Wunused-variable]
   93 |  int valor1, valor2, soma, sub, div, mult, res, on;
      |                                 ^~~
../Core/Src/main.c:93:28: warning: unused variable 'sub' [-Wunused-variable]
   93 |  int valor1, valor2, soma, sub, div, mult, res, on;
      |                            ^~~
../Core/Src/main.c:93:22: warning: unused variable 'soma' [-Wunused-variable]
   93 |  int valor1, valor2, soma, sub, div, mult, res, on;
      |                      ^~~~
../Core/Src/main.c:93:14: warning: unused variable 'valor2' [-Wunused-variable]
   93 |  int valor1, valor2, soma, sub, div, mult, res, on;
      |              ^~~~~~
../Core/Src/main.c:93:6: warning: unused variable 'valor1' [-Wunused-variable]
   93 |  int valor1, valor2, soma, sub, div, mult, res, on;
      |      ^~~~~~
../Core/Src/main.c:92:6: warning: unused variable 'k' [-Wunused-variable]
   92 |  int k;
      |      ^
../Core/Src/main.c:91:7: warning: unused variable 'str' [-Wunused-variable]
   91 |  char str[20];
      |       ^~~
arm-none-eabi-gcc -o "Trabalho_2.elf" @"objects.list"   -mcpu=cortex-m3 -T"C:\PUCRS\Processadores\Workspace\Trabalho_2\STM32F103C6TX_FLASH.ld" --specs=nosys.specs -Wl,-Map="Trabalho_2.map" -Wl,--gc-sections -static --specs=nano.specs -mfloat-abi=soft -mthumb -Wl,--start-group -lc -lm -Wl,--end-group
Finished building target: Trabalho_2.elf
 
arm-none-eabi-objdump -h -S  Trabalho_2.elf  > "Trabalho_2.list"
arm-none-eabi-objcopy  -O ihex  Trabalho_2.elf  "Trabalho_2.hex"
arm-none-eabi-objcopy  -O binary  Trabalho_2.elf  "Trabalho_2.bin"
arm-none-eabi-size   Trabalho_2.elf 
   text	   data	    bss	    dec	    hex	filename
   5252	     20	   1572	   6844	   1abc	Trabalho_2.elf
Finished building: default.size.stdout
 
Finished building: Trabalho_2.hex
Finished building: Trabalho_2.bin
 
 
Finished building: Trabalho_2.list
 
19:07:22 **** Incremental Build of configuration Debug for project Trabalho_2 ****
make -j12 all 
arm-none-eabi-gcc "../Core/Src/main.c" -mcpu=cortex-m3 -std=gnu11 -g3 -DDEBUG -DUSE_HAL_DRIVER -DSTM32F103x6 -c -I../Core/Inc -I../Drivers/STM32F1xx_HAL_Driver/Inc -I../Drivers/STM32F1xx_HAL_Driver/Inc/Legacy -I../Drivers/CMSIS/Device/ST/STM32F1xx/Include -I../Drivers/CMSIS/Include -O0 -ffunction-sections -fdata-sections -Wall -fstack-usage -MMD -MP -MF"Core/Src/main.d" -MT"Core/Src/main.o" --specs=nano.specs -mfloat-abi=soft -mthumb -o "Core/Src/main.o"
../Core/Src/main.c: In function 'main':
../Core/Src/main.c:93:49: warning: unused variable 'on' [-Wunused-variable]
   93 |  int valor1, valor2, soma, sub, div, mult, res, on;
      |                                                 ^~
../Core/Src/main.c:93:44: warning: unused variable 'res' [-Wunused-variable]
   93 |  int valor1, valor2, soma, sub, div, mult, res, on;
      |                                            ^~~
../Core/Src/main.c:93:38: warning: unused variable 'mult' [-Wunused-variable]
   93 |  int valor1, valor2, soma, sub, div, mult, res, on;
      |                                      ^~~~
../Core/Src/main.c:93:33: warning: unused variable 'div' [-Wunused-variable]
   93 |  int valor1, valor2, soma, sub, div, mult, res, on;
      |                                 ^~~
../Core/Src/main.c:93:28: warning: unused variable 'sub' [-Wunused-variable]
   93 |  int valor1, valor2, soma, sub, div, mult, res, on;
      |                            ^~~
../Core/Src/main.c:93:22: warning: unused variable 'soma' [-Wunused-variable]
   93 |  int valor1, valor2, soma, sub, div, mult, res, on;
      |                      ^~~~
../Core/Src/main.c:93:14: warning: unused variable 'valor2' [-Wunused-variable]
   93 |  int valor1, valor2, soma, sub, div, mult, res, on;
      |              ^~~~~~
../Core/Src/main.c:93:6: warning: unused variable 'valor1' [-Wunused-variable]
   93 |  int valor1, valor2, soma, sub, div, mult, res, on;
      |      ^~~~~~
../Core/Src/main.c:92:6: warning: unused variable 'k' [-Wunused-variable]
   92 |  int k;
      |      ^
../Core/Src/main.c:91:7: warning: unused variable 'str' [-Wunused-variable]
   91 |  char str[20];
      |       ^~~
arm-none-eabi-gcc -o "Trabalho_2.elf" @"objects.list"   -mcpu=cortex-m3 -T"C:\PUCRS\Processadores\Workspace\Trabalho_2\STM32F103C6TX_FLASH.ld" --specs=nosys.specs -Wl,-Map="Trabalho_2.map" -Wl,--gc-sections -static --specs=nano.specs -mfloat-abi=soft -mthumb -Wl,--start-group -lc -lm -Wl,--end-group
Finished building target: Trabalho_2.elf
 
arm-none-eabi-objdump -h -S  Trabalho_2.elf  > "Trabalho_2.list"
arm-none-eabi-objcopy  -O ihex  Trabalho_2.elf  "Trabalho_2.hex"
arm-none-eabi-objcopy  -O binary  Trabalho_2.elf  "Trabalho_2.bin"
arm-none-eabi-size   Trabalho_2.elf 
   text	   data	    bss	    dec	    hex	filename
   5072	     20	   1572	   6664	   1a08	Trabalho_2.elf
Finished building: default.size.stdout
 
Finished building: Trabalho_2.hex
Finished building: Trabalho_2.bin
 
Finished building: Trabalho_2.list
 
 
19:11:57 **** Incremental Build of configuration Debug for project Trabalho_2 ****
make -j12 all 
arm-none-eabi-gcc "../Core/Src/main.c" -mcpu=cortex-m3 -std=gnu11 -g3 -DDEBUG -DUSE_HAL_DRIVER -DSTM32F103x6 -c -I../Core/Inc -I../Drivers/STM32F1xx_HAL_Driver/Inc -I../Drivers/STM32F1xx_HAL_Driver/Inc/Legacy -I../Drivers/CMSIS/Device/ST/STM32F1xx/Include -I../Drivers/CMSIS/Include -O0 -ffunction-sections -fdata-sections -Wall -fstack-usage -MMD -MP -MF"Core/Src/main.d" -MT"Core/Src/main.o" --specs=nano.specs -mfloat-abi=soft -mthumb -o "Core/Src/main.o"
../Core/Src/main.c: In function 'main':
../Core/Src/main.c:93:49: warning: unused variable 'on' [-Wunused-variable]
   93 |  int valor1, valor2, soma, sub, div, mult, res, on;
      |                                                 ^~
../Core/Src/main.c:93:44: warning: unused variable 'res' [-Wunused-variable]
   93 |  int valor1, valor2, soma, sub, div, mult, res, on;
      |                                            ^~~
../Core/Src/main.c:93:38: warning: unused variable 'mult' [-Wunused-variable]
   93 |  int valor1, valor2, soma, sub, div, mult, res, on;
      |                                      ^~~~
../Core/Src/main.c:93:33: warning: unused variable 'div' [-Wunused-variable]
   93 |  int valor1, valor2, soma, sub, div, mult, res, on;
      |                                 ^~~
../Core/Src/main.c:93:28: warning: unused variable 'sub' [-Wunused-variable]
   93 |  int valor1, valor2, soma, sub, div, mult, res, on;
      |                            ^~~
../Core/Src/main.c:93:22: warning: unused variable 'soma' [-Wunused-variable]
   93 |  int valor1, valor2, soma, sub, div, mult, res, on;
      |                      ^~~~
../Core/Src/main.c:93:14: warning: unused variable 'valor2' [-Wunused-variable]
   93 |  int valor1, valor2, soma, sub, div, mult, res, on;
      |              ^~~~~~
../Core/Src/main.c:93:6: warning: unused variable 'valor1' [-Wunused-variable]
   93 |  int valor1, valor2, soma, sub, div, mult, res, on;
      |      ^~~~~~
../Core/Src/main.c:92:6: warning: unused variable 'k' [-Wunused-variable]
   92 |  int k;
      |      ^
../Core/Src/main.c:91:7: warning: unused variable 'str' [-Wunused-variable]
   91 |  char str[20];
      |       ^~~
arm-none-eabi-gcc -o "Trabalho_2.elf" @"objects.list"   -mcpu=cortex-m3 -T"C:\PUCRS\Processadores\Workspace\Trabalho_2\STM32F103C6TX_FLASH.ld" --specs=nosys.specs -Wl,-Map="Trabalho_2.map" -Wl,--gc-sections -static --specs=nano.specs -mfloat-abi=soft -mthumb -Wl,--start-group -lc -lm -Wl,--end-group
Finished building target: Trabalho_2.elf
 
arm-none-eabi-objdump -h -S  Trabalho_2.elf  > "Trabalho_2.list"
arm-none-eabi-objcopy  -O ihex  Trabalho_2.elf  "Trabalho_2.hex"
arm-none-eabi-objcopy  -O binary  Trabalho_2.elf  "Trabalho_2.bin"
arm-none-eabi-size   Trabalho_2.elf 
   text	   data	    bss	    dec	    hex	filename
   5056	     20	   1572	   6648	   19f8	Trabalho_2.elf
Finished building: default.size.stdout
 
Finished building: Trabalho_2.bin
Finished building: Trabalho_2.hex
Finished building: Trabalho_2.list
 
 
 
19:12:33 **** Incremental Build of configuration Debug for project Trabalho_2 ****
make -j12 all 
arm-none-eabi-gcc "../Core/Src/main.c" -mcpu=cortex-m3 -std=gnu11 -g3 -DDEBUG -DUSE_HAL_DRIVER -DSTM32F103x6 -c -I../Core/Inc -I../Drivers/STM32F1xx_HAL_Driver/Inc -I../Drivers/STM32F1xx_HAL_Driver/Inc/Legacy -I../Drivers/CMSIS/Device/ST/STM32F1xx/Include -I../Drivers/CMSIS/Include -O0 -ffunction-sections -fdata-sections -Wall -fstack-usage -MMD -MP -MF"Core/Src/main.d" -MT"Core/Src/main.o" --specs=nano.specs -mfloat-abi=soft -mthumb -o "Core/Src/main.o"
../Core/Src/main.c: In function 'main':
../Core/Src/main.c:93:49: warning: unused variable 'on' [-Wunused-variable]
   93 |  int valor1, valor2, soma, sub, div, mult, res, on;
      |                                                 ^~
../Core/Src/main.c:93:44: warning: unused variable 'res' [-Wunused-variable]
   93 |  int valor1, valor2, soma, sub, div, mult, res, on;
      |                                            ^~~
../Core/Src/main.c:93:38: warning: unused variable 'mult' [-Wunused-variable]
   93 |  int valor1, valor2, soma, sub, div, mult, res, on;
      |                                      ^~~~
../Core/Src/main.c:93:33: warning: unused variable 'div' [-Wunused-variable]
   93 |  int valor1, valor2, soma, sub, div, mult, res, on;
      |                                 ^~~
../Core/Src/main.c:93:28: warning: unused variable 'sub' [-Wunused-variable]
   93 |  int valor1, valor2, soma, sub, div, mult, res, on;
      |                            ^~~
../Core/Src/main.c:93:22: warning: unused variable 'soma' [-Wunused-variable]
   93 |  int valor1, valor2, soma, sub, div, mult, res, on;
      |                      ^~~~
../Core/Src/main.c:93:14: warning: unused variable 'valor2' [-Wunused-variable]
   93 |  int valor1, valor2, soma, sub, div, mult, res, on;
      |              ^~~~~~
../Core/Src/main.c:93:6: warning: unused variable 'valor1' [-Wunused-variable]
   93 |  int valor1, valor2, soma, sub, div, mult, res, on;
      |      ^~~~~~
../Core/Src/main.c:92:6: warning: unused variable 'k' [-Wunused-variable]
   92 |  int k;
      |      ^
../Core/Src/main.c:91:7: warning: unused variable 'str' [-Wunused-variable]
   91 |  char str[20];
      |       ^~~
arm-none-eabi-gcc -o "Trabalho_2.elf" @"objects.list"   -mcpu=cortex-m3 -T"C:\PUCRS\Processadores\Workspace\Trabalho_2\STM32F103C6TX_FLASH.ld" --specs=nosys.specs -Wl,-Map="Trabalho_2.map" -Wl,--gc-sections -static --specs=nano.specs -mfloat-abi=soft -mthumb -Wl,--start-group -lc -lm -Wl,--end-group
Finished building target: Trabalho_2.elf
 
arm-none-eabi-objdump -h -S  Trabalho_2.elf  > "Trabalho_2.list"
arm-none-eabi-objcopy  -O ihex  Trabalho_2.elf  "Trabalho_2.hex"
arm-none-eabi-objcopy  -O binary  Trabalho_2.elf  "Trabalho_2.bin"
arm-none-eabi-size   Trabalho_2.elf 
   text	   data	    bss	    dec	    hex	filename
   5224	     20	   1572	   6816	   1aa0	Trabalho_2.elf
Finished building: default.size.stdout
 
Finished building: Trabalho_2.hex
Finished building: Trabalho_2.bin
 
 
Finished building: Trabalho_2.list
 
19:13:04 **** Incremental Build of configuration Debug for project Trabalho_2 ****
make -j12 all 
arm-none-eabi-gcc "../Core/Src/main.c" -mcpu=cortex-m3 -std=gnu11 -g3 -DDEBUG -DUSE_HAL_DRIVER -DSTM32F103x6 -c -I../Core/Inc -I../Drivers/STM32F1xx_HAL_Driver/Inc -I../Drivers/STM32F1xx_HAL_Driver/Inc/Legacy -I../Drivers/CMSIS/Device/ST/STM32F1xx/Include -I../Drivers/CMSIS/Include -O0 -ffunction-sections -fdata-sections -Wall -fstack-usage -MMD -MP -MF"Core/Src/main.d" -MT"Core/Src/main.o" --specs=nano.specs -mfloat-abi=soft -mthumb -o "Core/Src/main.o"
../Core/Src/main.c: In function 'main':
../Core/Src/main.c:93:49: warning: unused variable 'on' [-Wunused-variable]
   93 |  int valor1, valor2, soma, sub, div, mult, res, on;
      |                                                 ^~
../Core/Src/main.c:93:44: warning: unused variable 'res' [-Wunused-variable]
   93 |  int valor1, valor2, soma, sub, div, mult, res, on;
      |                                            ^~~
../Core/Src/main.c:93:38: warning: unused variable 'mult' [-Wunused-variable]
   93 |  int valor1, valor2, soma, sub, div, mult, res, on;
      |                                      ^~~~
../Core/Src/main.c:93:33: warning: unused variable 'div' [-Wunused-variable]
   93 |  int valor1, valor2, soma, sub, div, mult, res, on;
      |                                 ^~~
../Core/Src/main.c:93:28: warning: unused variable 'sub' [-Wunused-variable]
   93 |  int valor1, valor2, soma, sub, div, mult, res, on;
      |                            ^~~
../Core/Src/main.c:93:22: warning: unused variable 'soma' [-Wunused-variable]
   93 |  int valor1, valor2, soma, sub, div, mult, res, on;
      |                      ^~~~
../Core/Src/main.c:93:14: warning: unused variable 'valor2' [-Wunused-variable]
   93 |  int valor1, valor2, soma, sub, div, mult, res, on;
      |              ^~~~~~
../Core/Src/main.c:93:6: warning: unused variable 'valor1' [-Wunused-variable]
   93 |  int valor1, valor2, soma, sub, div, mult, res, on;
      |      ^~~~~~
../Core/Src/main.c:92:6: warning: unused variable 'k' [-Wunused-variable]
   92 |  int k;
      |      ^
../Core/Src/main.c:91:7: warning: unused variable 'str' [-Wunused-variable]
   91 |  char str[20];
      |       ^~~
arm-none-eabi-gcc -o "Trabalho_2.elf" @"objects.list"   -mcpu=cortex-m3 -T"C:\PUCRS\Processadores\Workspace\Trabalho_2\STM32F103C6TX_FLASH.ld" --specs=nosys.specs -Wl,-Map="Trabalho_2.map" -Wl,--gc-sections -static --specs=nano.specs -mfloat-abi=soft -mthumb -Wl,--start-group -lc -lm -Wl,--end-group
Finished building target: Trabalho_2.elf
 
arm-none-eabi-objdump -h -S  Trabalho_2.elf  > "Trabalho_2.list"
arm-none-eabi-objcopy  -O ihex  Trabalho_2.elf  "Trabalho_2.hex"
arm-none-eabi-objcopy  -O binary  Trabalho_2.elf  "Trabalho_2.bin"
arm-none-eabi-size   Trabalho_2.elf 
   text	   data	    bss	    dec	    hex	filename
   5260	     20	   1572	   6852	   1ac4	Trabalho_2.elf
Finished building: default.size.stdout
 
Finished building: Trabalho_2.bin
Finished building: Trabalho_2.hex
 
Finished building: Trabalho_2.list
 
 
19:13:16 **** Incremental Build of configuration Debug for project Trabalho_2 ****
make -j12 all 
arm-none-eabi-gcc "../Core/Src/main.c" -mcpu=cortex-m3 -std=gnu11 -g3 -DDEBUG -DUSE_HAL_DRIVER -DSTM32F103x6 -c -I../Core/Inc -I../Drivers/STM32F1xx_HAL_Driver/Inc -I../Drivers/STM32F1xx_HAL_Driver/Inc/Legacy -I../Drivers/CMSIS/Device/ST/STM32F1xx/Include -I../Drivers/CMSIS/Include -O0 -ffunction-sections -fdata-sections -Wall -fstack-usage -MMD -MP -MF"Core/Src/main.d" -MT"Core/Src/main.o" --specs=nano.specs -mfloat-abi=soft -mthumb -o "Core/Src/main.o"
../Core/Src/main.c: In function 'main':
../Core/Src/main.c:93:49: warning: unused variable 'on' [-Wunused-variable]
   93 |  int valor1, valor2, soma, sub, div, mult, res, on;
      |                                                 ^~
../Core/Src/main.c:93:44: warning: unused variable 'res' [-Wunused-variable]
   93 |  int valor1, valor2, soma, sub, div, mult, res, on;
      |                                            ^~~
../Core/Src/main.c:93:38: warning: unused variable 'mult' [-Wunused-variable]
   93 |  int valor1, valor2, soma, sub, div, mult, res, on;
      |                                      ^~~~
../Core/Src/main.c:93:33: warning: unused variable 'div' [-Wunused-variable]
   93 |  int valor1, valor2, soma, sub, div, mult, res, on;
      |                                 ^~~
../Core/Src/main.c:93:28: warning: unused variable 'sub' [-Wunused-variable]
   93 |  int valor1, valor2, soma, sub, div, mult, res, on;
      |                            ^~~
../Core/Src/main.c:93:22: warning: unused variable 'soma' [-Wunused-variable]
   93 |  int valor1, valor2, soma, sub, div, mult, res, on;
      |                      ^~~~
../Core/Src/main.c:93:14: warning: unused variable 'valor2' [-Wunused-variable]
   93 |  int valor1, valor2, soma, sub, div, mult, res, on;
      |              ^~~~~~
../Core/Src/main.c:93:6: warning: unused variable 'valor1' [-Wunused-variable]
   93 |  int valor1, valor2, soma, sub, div, mult, res, on;
      |      ^~~~~~
../Core/Src/main.c:92:6: warning: unused variable 'k' [-Wunused-variable]
   92 |  int k;
      |      ^
../Core/Src/main.c:91:7: warning: unused variable 'str' [-Wunused-variable]
   91 |  char str[20];
      |       ^~~
arm-none-eabi-gcc -o "Trabalho_2.elf" @"objects.list"   -mcpu=cortex-m3 -T"C:\PUCRS\Processadores\Workspace\Trabalho_2\STM32F103C6TX_FLASH.ld" --specs=nosys.specs -Wl,-Map="Trabalho_2.map" -Wl,--gc-sections -static --specs=nano.specs -mfloat-abi=soft -mthumb -Wl,--start-group -lc -lm -Wl,--end-group
Finished building target: Trabalho_2.elf
 
arm-none-eabi-objdump -h -S  Trabalho_2.elf  > "Trabalho_2.list"
arm-none-eabi-objcopy  -O ihex  Trabalho_2.elf  "Trabalho_2.hex"
arm-none-eabi-objcopy  -O binary  Trabalho_2.elf  "Trabalho_2.bin"
arm-none-eabi-size   Trabalho_2.elf 
   text	   data	    bss	    dec	    hex	filename
   5260	     20	   1572	   6852	   1ac4	Trabalho_2.elf
Finished building: default.size.stdout
 
Finished building: Trabalho_2.hex
Finished building: Trabalho_2.bin
 
Finished building: Trabalho_2.list
 
 
19:13:45 **** Incremental Build of configuration Debug for project Trabalho_2 ****
make -j12 all 
arm-none-eabi-gcc "../Core/Src/main.c" -mcpu=cortex-m3 -std=gnu11 -g3 -DDEBUG -DUSE_HAL_DRIVER -DSTM32F103x6 -c -I../Core/Inc -I../Drivers/STM32F1xx_HAL_Driver/Inc -I../Drivers/STM32F1xx_HAL_Driver/Inc/Legacy -I../Drivers/CMSIS/Device/ST/STM32F1xx/Include -I../Drivers/CMSIS/Include -O0 -ffunction-sections -fdata-sections -Wall -fstack-usage -MMD -MP -MF"Core/Src/main.d" -MT"Core/Src/main.o" --specs=nano.specs -mfloat-abi=soft -mthumb -o "Core/Src/main.o"
../Core/Src/main.c: In function 'main':
../Core/Src/main.c:93:49: warning: unused variable 'on' [-Wunused-variable]
   93 |  int valor1, valor2, soma, sub, div, mult, res, on;
      |                                                 ^~
../Core/Src/main.c:93:44: warning: unused variable 'res' [-Wunused-variable]
   93 |  int valor1, valor2, soma, sub, div, mult, res, on;
      |                                            ^~~
../Core/Src/main.c:93:38: warning: unused variable 'mult' [-Wunused-variable]
   93 |  int valor1, valor2, soma, sub, div, mult, res, on;
      |                                      ^~~~
../Core/Src/main.c:93:33: warning: unused variable 'div' [-Wunused-variable]
   93 |  int valor1, valor2, soma, sub, div, mult, res, on;
      |                                 ^~~
../Core/Src/main.c:93:28: warning: unused variable 'sub' [-Wunused-variable]
   93 |  int valor1, valor2, soma, sub, div, mult, res, on;
      |                            ^~~
../Core/Src/main.c:93:22: warning: unused variable 'soma' [-Wunused-variable]
   93 |  int valor1, valor2, soma, sub, div, mult, res, on;
      |                      ^~~~
../Core/Src/main.c:93:14: warning: unused variable 'valor2' [-Wunused-variable]
   93 |  int valor1, valor2, soma, sub, div, mult, res, on;
      |              ^~~~~~
../Core/Src/main.c:93:6: warning: unused variable 'valor1' [-Wunused-variable]
   93 |  int valor1, valor2, soma, sub, div, mult, res, on;
      |      ^~~~~~
../Core/Src/main.c:92:6: warning: unused variable 'k' [-Wunused-variable]
   92 |  int k;
      |      ^
../Core/Src/main.c:91:7: warning: unused variable 'str' [-Wunused-variable]
   91 |  char str[20];
      |       ^~~
arm-none-eabi-gcc -o "Trabalho_2.elf" @"objects.list"   -mcpu=cortex-m3 -T"C:\PUCRS\Processadores\Workspace\Trabalho_2\STM32F103C6TX_FLASH.ld" --specs=nosys.specs -Wl,-Map="Trabalho_2.map" -Wl,--gc-sections -static --specs=nano.specs -mfloat-abi=soft -mthumb -Wl,--start-group -lc -lm -Wl,--end-group
Finished building target: Trabalho_2.elf
 
arm-none-eabi-objdump -h -S  Trabalho_2.elf  > "Trabalho_2.list"
arm-none-eabi-objcopy  -O ihex  Trabalho_2.elf  "Trabalho_2.hex"
arm-none-eabi-objcopy  -O binary  Trabalho_2.elf  "Trabalho_2.bin"
arm-none-eabi-size   Trabalho_2.elf 
   text	   data	    bss	    dec	    hex	filename
   5260	     20	   1572	   6852	   1ac4	Trabalho_2.elf
Finished building: default.size.stdout
 
Finished building: Trabalho_2.hex
Finished building: Trabalho_2.bin
 
 
Finished building: Trabalho_2.list
 
19:14:44 **** Incremental Build of configuration Debug for project Trabalho_2 ****
make -j12 all 
arm-none-eabi-gcc "../Core/Src/main.c" -mcpu=cortex-m3 -std=gnu11 -g3 -DDEBUG -DUSE_HAL_DRIVER -DSTM32F103x6 -c -I../Core/Inc -I../Drivers/STM32F1xx_HAL_Driver/Inc -I../Drivers/STM32F1xx_HAL_Driver/Inc/Legacy -I../Drivers/CMSIS/Device/ST/STM32F1xx/Include -I../Drivers/CMSIS/Include -O0 -ffunction-sections -fdata-sections -Wall -fstack-usage -MMD -MP -MF"Core/Src/main.d" -MT"Core/Src/main.o" --specs=nano.specs -mfloat-abi=soft -mthumb -o "Core/Src/main.o"
../Core/Src/main.c: In function 'main':
../Core/Src/main.c:148:2: warning: "/*" within comment [-Wcomment]
  148 |  /*  for(k=0; k<100; k++)
      |   
../Core/Src/main.c:93:49: warning: unused variable 'on' [-Wunused-variable]
   93 |  int valor1, valor2, soma, sub, div, mult, res, on;
      |                                                 ^~
../Core/Src/main.c:93:44: warning: unused variable 'res' [-Wunused-variable]
   93 |  int valor1, valor2, soma, sub, div, mult, res, on;
      |                                            ^~~
../Core/Src/main.c:93:38: warning: unused variable 'mult' [-Wunused-variable]
   93 |  int valor1, valor2, soma, sub, div, mult, res, on;
      |                                      ^~~~
../Core/Src/main.c:93:33: warning: unused variable 'div' [-Wunused-variable]
   93 |  int valor1, valor2, soma, sub, div, mult, res, on;
      |                                 ^~~
../Core/Src/main.c:93:28: warning: unused variable 'sub' [-Wunused-variable]
   93 |  int valor1, valor2, soma, sub, div, mult, res, on;
      |                            ^~~
../Core/Src/main.c:93:22: warning: unused variable 'soma' [-Wunused-variable]
   93 |  int valor1, valor2, soma, sub, div, mult, res, on;
      |                      ^~~~
../Core/Src/main.c:93:14: warning: unused variable 'valor2' [-Wunused-variable]
   93 |  int valor1, valor2, soma, sub, div, mult, res, on;
      |              ^~~~~~
../Core/Src/main.c:93:6: warning: unused variable 'valor1' [-Wunused-variable]
   93 |  int valor1, valor2, soma, sub, div, mult, res, on;
      |      ^~~~~~
../Core/Src/main.c:92:6: warning: unused variable 'k' [-Wunused-variable]
   92 |  int k;
      |      ^
../Core/Src/main.c:91:7: warning: unused variable 'str' [-Wunused-variable]
   91 |  char str[20];
      |       ^~~
arm-none-eabi-gcc -o "Trabalho_2.elf" @"objects.list"   -mcpu=cortex-m3 -T"C:\PUCRS\Processadores\Workspace\Trabalho_2\STM32F103C6TX_FLASH.ld" --specs=nosys.specs -Wl,-Map="Trabalho_2.map" -Wl,--gc-sections -static --specs=nano.specs -mfloat-abi=soft -mthumb -Wl,--start-group -lc -lm -Wl,--end-group
Finished building target: Trabalho_2.elf
 
arm-none-eabi-objdump -h -S  Trabalho_2.elf  > "Trabalho_2.list"
arm-none-eabi-objcopy  -O ihex  Trabalho_2.elf  "Trabalho_2.hex"
arm-none-eabi-objcopy  -O binary  Trabalho_2.elf  "Trabalho_2.bin"
arm-none-eabi-size   Trabalho_2.elf 
   text	   data	    bss	    dec	    hex	filename
   5260	     20	   1572	   6852	   1ac4	Trabalho_2.elf
Finished building: default.size.stdout
 
Finished building: Trabalho_2.hex
Finished building: Trabalho_2.bin
 
 
Finished building: Trabalho_2.list
 
19:15:02 **** Incremental Build of configuration Debug for project Trabalho_2 ****
make -j12 all 
arm-none-eabi-gcc "../Core/Src/main.c" -mcpu=cortex-m3 -std=gnu11 -g3 -DDEBUG -DUSE_HAL_DRIVER -DSTM32F103x6 -c -I../Core/Inc -I../Drivers/STM32F1xx_HAL_Driver/Inc -I../Drivers/STM32F1xx_HAL_Driver/Inc/Legacy -I../Drivers/CMSIS/Device/ST/STM32F1xx/Include -I../Drivers/CMSIS/Include -O0 -ffunction-sections -fdata-sections -Wall -fstack-usage -MMD -MP -MF"Core/Src/main.d" -MT"Core/Src/main.o" --specs=nano.specs -mfloat-abi=soft -mthumb -o "Core/Src/main.o"
../Core/Src/main.c: In function 'main':
../Core/Src/main.c:149:2: warning: "/*" within comment [-Wcomment]
  149 |  /*  for(k=0; k<100; k++)
      |   
../Core/Src/main.c:93:49: warning: unused variable 'on' [-Wunused-variable]
   93 |  int valor1, valor2, soma, sub, div, mult, res, on;
      |                                                 ^~
../Core/Src/main.c:93:44: warning: unused variable 'res' [-Wunused-variable]
   93 |  int valor1, valor2, soma, sub, div, mult, res, on;
      |                                            ^~~
../Core/Src/main.c:93:38: warning: unused variable 'mult' [-Wunused-variable]
   93 |  int valor1, valor2, soma, sub, div, mult, res, on;
      |                                      ^~~~
../Core/Src/main.c:93:33: warning: unused variable 'div' [-Wunused-variable]
   93 |  int valor1, valor2, soma, sub, div, mult, res, on;
      |                                 ^~~
../Core/Src/main.c:93:28: warning: unused variable 'sub' [-Wunused-variable]
   93 |  int valor1, valor2, soma, sub, div, mult, res, on;
      |                            ^~~
../Core/Src/main.c:93:22: warning: unused variable 'soma' [-Wunused-variable]
   93 |  int valor1, valor2, soma, sub, div, mult, res, on;
      |                      ^~~~
../Core/Src/main.c:93:14: warning: unused variable 'valor2' [-Wunused-variable]
   93 |  int valor1, valor2, soma, sub, div, mult, res, on;
      |              ^~~~~~
../Core/Src/main.c:93:6: warning: unused variable 'valor1' [-Wunused-variable]
   93 |  int valor1, valor2, soma, sub, div, mult, res, on;
      |      ^~~~~~
../Core/Src/main.c:92:6: warning: unused variable 'k' [-Wunused-variable]
   92 |  int k;
      |      ^
../Core/Src/main.c:91:7: warning: unused variable 'str' [-Wunused-variable]
   91 |  char str[20];
      |       ^~~
arm-none-eabi-gcc -o "Trabalho_2.elf" @"objects.list"   -mcpu=cortex-m3 -T"C:\PUCRS\Processadores\Workspace\Trabalho_2\STM32F103C6TX_FLASH.ld" --specs=nosys.specs -Wl,-Map="Trabalho_2.map" -Wl,--gc-sections -static --specs=nano.specs -mfloat-abi=soft -mthumb -Wl,--start-group -lc -lm -Wl,--end-group
Finished building target: Trabalho_2.elf
 
arm-none-eabi-objdump -h -S  Trabalho_2.elf  > "Trabalho_2.list"
arm-none-eabi-objcopy  -O ihex  Trabalho_2.elf  "Trabalho_2.hex"
arm-none-eabi-objcopy  -O binary  Trabalho_2.elf  "Trabalho_2.bin"
arm-none-eabi-size   Trabalho_2.elf 
   text	   data	    bss	    dec	    hex	filename
   5268	     20	   1572	   6860	   1acc	Trabalho_2.elf
Finished building: default.size.stdout
 
Finished building: Trabalho_2.hex
Finished building: Trabalho_2.bin
 
 
Finished building: Trabalho_2.list
 
19:15:32 **** Incremental Build of configuration Debug for project Trabalho_2 ****
make -j12 all 
arm-none-eabi-gcc "../Core/Src/main.c" -mcpu=cortex-m3 -std=gnu11 -g3 -DDEBUG -DUSE_HAL_DRIVER -DSTM32F103x6 -c -I../Core/Inc -I../Drivers/STM32F1xx_HAL_Driver/Inc -I../Drivers/STM32F1xx_HAL_Driver/Inc/Legacy -I../Drivers/CMSIS/Device/ST/STM32F1xx/Include -I../Drivers/CMSIS/Include -O0 -ffunction-sections -fdata-sections -Wall -fstack-usage -MMD -MP -MF"Core/Src/main.d" -MT"Core/Src/main.o" --specs=nano.specs -mfloat-abi=soft -mthumb -o "Core/Src/main.o"
../Core/Src/main.c: In function 'main':
../Core/Src/main.c:150:2: warning: "/*" within comment [-Wcomment]
  150 |  /*  for(k=0; k<100; k++)
      |   
../Core/Src/main.c:93:49: warning: unused variable 'on' [-Wunused-variable]
   93 |  int valor1, valor2, soma, sub, div, mult, res, on;
      |                                                 ^~
../Core/Src/main.c:93:44: warning: unused variable 'res' [-Wunused-variable]
   93 |  int valor1, valor2, soma, sub, div, mult, res, on;
      |                                            ^~~
../Core/Src/main.c:93:38: warning: unused variable 'mult' [-Wunused-variable]
   93 |  int valor1, valor2, soma, sub, div, mult, res, on;
      |                                      ^~~~
../Core/Src/main.c:93:33: warning: unused variable 'div' [-Wunused-variable]
   93 |  int valor1, valor2, soma, sub, div, mult, res, on;
      |                                 ^~~
../Core/Src/main.c:93:28: warning: unused variable 'sub' [-Wunused-variable]
   93 |  int valor1, valor2, soma, sub, div, mult, res, on;
      |                            ^~~
../Core/Src/main.c:93:22: warning: unused variable 'soma' [-Wunused-variable]
   93 |  int valor1, valor2, soma, sub, div, mult, res, on;
      |                      ^~~~
../Core/Src/main.c:93:14: warning: unused variable 'valor2' [-Wunused-variable]
   93 |  int valor1, valor2, soma, sub, div, mult, res, on;
      |              ^~~~~~
../Core/Src/main.c:93:6: warning: unused variable 'valor1' [-Wunused-variable]
   93 |  int valor1, valor2, soma, sub, div, mult, res, on;
      |      ^~~~~~
../Core/Src/main.c:92:6: warning: unused variable 'k' [-Wunused-variable]
   92 |  int k;
      |      ^
../Core/Src/main.c:91:7: warning: unused variable 'str' [-Wunused-variable]
   91 |  char str[20];
      |       ^~~
arm-none-eabi-gcc -o "Trabalho_2.elf" @"objects.list"   -mcpu=cortex-m3 -T"C:\PUCRS\Processadores\Workspace\Trabalho_2\STM32F103C6TX_FLASH.ld" --specs=nosys.specs -Wl,-Map="Trabalho_2.map" -Wl,--gc-sections -static --specs=nano.specs -mfloat-abi=soft -mthumb -Wl,--start-group -lc -lm -Wl,--end-group
Finished building target: Trabalho_2.elf
 
arm-none-eabi-objdump -h -S  Trabalho_2.elf  > "Trabalho_2.list"
arm-none-eabi-objcopy  -O ihex  Trabalho_2.elf  "Trabalho_2.hex"
arm-none-eabi-objcopy  -O binary  Trabalho_2.elf  "Trabalho_2.bin"
arm-none-eabi-size   Trabalho_2.elf 
   text	   data	    bss	    dec	    hex	filename
   5276	     20	   1572	   6868	   1ad4	Trabalho_2.elf
Finished building: default.size.stdout
 
Finished building: Trabalho_2.hex
Finished building: Trabalho_2.bin
 
 
Finished building: Trabalho_2.list
 
19:16:21 **** Incremental Build of configuration Debug for project Trabalho_2 ****
make -j12 all 
arm-none-eabi-gcc "../Core/Src/main.c" -mcpu=cortex-m3 -std=gnu11 -g3 -DDEBUG -DUSE_HAL_DRIVER -DSTM32F103x6 -c -I../Core/Inc -I../Drivers/STM32F1xx_HAL_Driver/Inc -I../Drivers/STM32F1xx_HAL_Driver/Inc/Legacy -I../Drivers/CMSIS/Device/ST/STM32F1xx/Include -I../Drivers/CMSIS/Include -O0 -ffunction-sections -fdata-sections -Wall -fstack-usage -MMD -MP -MF"Core/Src/main.d" -MT"Core/Src/main.o" --specs=nano.specs -mfloat-abi=soft -mthumb -o "Core/Src/main.o"
../Core/Src/main.c: In function 'main':
../Core/Src/main.c:153:2: warning: "/*" within comment [-Wcomment]
  153 |  /*  for(k=0; k<100; k++)
      |   
../Core/Src/main.c:93:49: warning: unused variable 'on' [-Wunused-variable]
   93 |  int valor1, valor2, soma, sub, div, mult, res, on;
      |                                                 ^~
../Core/Src/main.c:93:44: warning: unused variable 'res' [-Wunused-variable]
   93 |  int valor1, valor2, soma, sub, div, mult, res, on;
      |                                            ^~~
../Core/Src/main.c:93:38: warning: unused variable 'mult' [-Wunused-variable]
   93 |  int valor1, valor2, soma, sub, div, mult, res, on;
      |                                      ^~~~
../Core/Src/main.c:93:33: warning: unused variable 'div' [-Wunused-variable]
   93 |  int valor1, valor2, soma, sub, div, mult, res, on;
      |                                 ^~~
../Core/Src/main.c:93:28: warning: unused variable 'sub' [-Wunused-variable]
   93 |  int valor1, valor2, soma, sub, div, mult, res, on;
      |                            ^~~
../Core/Src/main.c:93:22: warning: unused variable 'soma' [-Wunused-variable]
   93 |  int valor1, valor2, soma, sub, div, mult, res, on;
      |                      ^~~~
../Core/Src/main.c:93:14: warning: unused variable 'valor2' [-Wunused-variable]
   93 |  int valor1, valor2, soma, sub, div, mult, res, on;
      |              ^~~~~~
../Core/Src/main.c:93:6: warning: unused variable 'valor1' [-Wunused-variable]
   93 |  int valor1, valor2, soma, sub, div, mult, res, on;
      |      ^~~~~~
[...]
arm-none-eabi-gcc "../Core/Src/sysmem.c" -mcpu=cortex-m3 -std=gnu11 -g3 -DDEBUG -DUSE_HAL_DRIVER -DSTM32F103x6 -c -I../Core/Inc -I../Drivers/STM32F1xx_HAL_Driver/Inc -I../Drivers/STM32F1xx_HAL_Driver/Inc/Legacy -I../Drivers/CMSIS/Device/ST/STM32F1xx/Include -I../Drivers/CMSIS/Include -O0 -ffunction-sections -fdata-sections -Wall -fstack-usage -MMD -MP -MF"Core/Src/sysmem.d" -MT"Core/Src/sysmem.o" --specs=nano.specs -mfloat-abi=soft -mthumb -o "Core/Src/sysmem.o"
arm-none-eabi-gcc "../Core/Src/system_stm32f1xx.c" -mcpu=cortex-m3 -std=gnu11 -g3 -DDEBUG -DUSE_HAL_DRIVER -DSTM32F103x6 -c -I../Core/Inc -I../Drivers/STM32F1xx_HAL_Driver/Inc -I../Drivers/STM32F1xx_HAL_Driver/Inc/Legacy -I../Drivers/CMSIS/Device/ST/STM32F1xx/Include -I../Drivers/CMSIS/Include -O0 -ffunction-sections -fdata-sections -Wall -fstack-usage -MMD -MP -MF"Core/Src/system_stm32f1xx.d" -MT"Core/Src/system_stm32f1xx.o" --specs=nano.specs -mfloat-abi=soft -mthumb -o "Core/Src/system_stm32f1xx.o"
../Core/Src/main.c: In function 'main':
../Core/Src/main.c:201:3: warning: implicit declaration of function 'srand' [-Wimplicit-function-declaration]
  201 |   srand(HAL_GetTick());
      |   ^~~~~
../Core/Src/main.c:202:18: warning: implicit declaration of function 'rand' [-Wimplicit-function-declaration]
  202 |   uint8_t dado = rand() % 5;
      |                  ^~~~
arm-none-eabi-gcc -o "Q2_T2.elf" @"objects.list"   -mcpu=cortex-m3 -T"C:\PUCRS\Processadores\Workspace\Q2_T2\STM32F103C6TX_FLASH.ld" --specs=nosys.specs -Wl,-Map="Q2_T2.map" -Wl,--gc-sections -static --specs=nano.specs -mfloat-abi=soft -mthumb -Wl,--start-group -lc -lm -Wl,--end-group
Finished building target: Q2_T2.elf
 
arm-none-eabi-size   Q2_T2.elf 
arm-none-eabi-objdump -h -S  Q2_T2.elf  > "Q2_T2.list"
arm-none-eabi-objcopy  -O binary  Q2_T2.elf  "Q2_T2.bin"
   text	   data	    bss	    dec	    hex	filename
  10920	    120	   1600	  12640	   3160	Q2_T2.elf
Finished building: default.size.stdout
 
Finished building: Q2_T2.bin
 
Finished building: Q2_T2.list
 
15:59:55 **** Incremental Build of configuration Debug for project Q2_T2 ****
make -j12 all 
arm-none-eabi-gcc "../Core/Src/main.c" -mcpu=cortex-m3 -std=gnu11 -g3 -DDEBUG -DUSE_HAL_DRIVER -DSTM32F103x6 -c -I../Core/Inc -I../Drivers/STM32F1xx_HAL_Driver/Inc -I../Drivers/STM32F1xx_HAL_Driver/Inc/Legacy -I../Drivers/CMSIS/Device/ST/STM32F1xx/Include -I../Drivers/CMSIS/Include -O0 -ffunction-sections -fdata-sections -Wall -fstack-usage -MMD -MP -MF"Core/Src/main.d" -MT"Core/Src/main.o" --specs=nano.specs -mfloat-abi=soft -mthumb -o "Core/Src/main.o"
arm-none-eabi-gcc -o "Q2_T2.elf" @"objects.list"   -mcpu=cortex-m3 -T"C:\PUCRS\Processadores\Workspace\Q2_T2\STM32F103C6TX_FLASH.ld" --specs=nosys.specs -Wl,-Map="Q2_T2.map" -Wl,--gc-sections -static --specs=nano.specs -mfloat-abi=soft -mthumb -Wl,--start-group -lc -lm -Wl,--end-group
Finished building target: Q2_T2.elf
 
arm-none-eabi-objdump -h -S  Q2_T2.elf  > "Q2_T2.list"
arm-none-eabi-objcopy  -O binary  Q2_T2.elf  "Q2_T2.bin"
arm-none-eabi-size   Q2_T2.elf 
   text	   data	    bss	    dec	    hex	filename
  10920	    120	   1600	  12640	   3160	Q2_T2.elf
Finished building: default.size.stdout
 
Finished building: Q2_T2.bin
 
Finished building: Q2_T2.list
 
20:59:22 **** Build of configuration Debug for project Q2_T2 ****
make -j12 all 
arm-none-eabi-gcc "../Core/Src/main.c" -mcpu=cortex-m3 -std=gnu11 -g3 -DDEBUG -DUSE_HAL_DRIVER -DSTM32F103x6 -c -I../Core/Inc -I../Drivers/STM32F1xx_HAL_Driver/Inc -I../Drivers/STM32F1xx_HAL_Driver/Inc/Legacy -I../Drivers/CMSIS/Device/ST/STM32F1xx/Include -I../Drivers/CMSIS/Include -O0 -ffunction-sections -fdata-sections -Wall -fstack-usage -MMD -MP -MF"Core/Src/main.d" -MT"Core/Src/main.o" --specs=nano.specs -mfloat-abi=soft -mthumb -o "Core/Src/main.o"
arm-none-eabi-gcc -o "Q2_T2.elf" @"objects.list"   -mcpu=cortex-m3 -T"C:\PUCRS\Processadores\Workspace\Q2_T2\STM32F103C6TX_FLASH.ld" --specs=nosys.specs -Wl,-Map="Q2_T2.map" -Wl,--gc-sections -static --specs=nano.specs -mfloat-abi=soft -mthumb -Wl,--start-group -lc -lm -Wl,--end-group
Finished building target: Q2_T2.elf
 
arm-none-eabi-objdump -h -S  Q2_T2.elf  > "Q2_T2.list"
arm-none-eabi-objcopy  -O binary  Q2_T2.elf  "Q2_T2.bin"
arm-none-eabi-size   Q2_T2.elf 
   text	   data	    bss	    dec	    hex	filename
  10920	    120	   1600	  12640	   3160	Q2_T2.elf
Finished building: default.size.stdout
 
Finished building: Q2_T2.bin
 
Finished building: Q2_T2.list
 
21:00:13 **** Incremental Build of configuration Debug for project Q2_T2 ****
make -j12 all 
arm-none-eabi-gcc -o "Q2_T2.elf" @"objects.list"   -mcpu=cortex-m3 -T"C:\PUCRS\Processadores\Workspace\Q2_T2\STM32F103C6TX_FLASH.ld" --specs=nosys.specs -Wl,-Map="Q2_T2.map" -Wl,--gc-sections -static --specs=nano.specs -mfloat-abi=soft -mthumb -Wl,--start-group -lc -lm -Wl,--end-group
Finished building target: Q2_T2.elf
 
arm-none-eabi-objdump -h -S  Q2_T2.elf  > "Q2_T2.list"
arm-none-eabi-objcopy  -O binary  Q2_T2.elf  "Q2_T2.bin"
arm-none-eabi-size   Q2_T2.elf 
arm-none-eabi-objcopy  -O ihex  Q2_T2.elf  "Q2_T2.hex"
   text	   data	    bss	    dec	    hex	filename
  10920	    120	   1600	  12640	   3160	Q2_T2.elf
Finished building: default.size.stdout
 
Finished building: Q2_T2.bin
Finished building: Q2_T2.hex
 
 
Finished building: Q2_T2.list
 
21:01:28 **** Incremental Build of configuration Debug for project Q2_T2 ****
make -j12 all 
arm-none-eabi-gcc "../Core/Src/main.c" -mcpu=cortex-m3 -std=gnu11 -g3 -DDEBUG -DUSE_HAL_DRIVER -DSTM32F103x6 -c -I../Core/Inc -I../Drivers/STM32F1xx_HAL_Driver/Inc -I../Drivers/STM32F1xx_HAL_Driver/Inc/Legacy -I../Drivers/CMSIS/Device/ST/STM32F1xx/Include -I../Drivers/CMSIS/Include -O0 -ffunction-sections -fdata-sections -Wall -fstack-usage -MMD -MP -MF"Core/Src/main.d" -MT"Core/Src/main.o" --specs=nano.specs -mfloat-abi=soft -mthumb -o "Core/Src/main.o"
arm-none-eabi-gcc -o "Q2_T2.elf" @"objects.list"   -mcpu=cortex-m3 -T"C:\PUCRS\Processadores\Workspace\Q2_T2\STM32F103C6TX_FLASH.ld" --specs=nosys.specs -Wl,-Map="Q2_T2.map" -Wl,--gc-sections -static --specs=nano.specs -mfloat-abi=soft -mthumb -Wl,--start-group -lc -lm -Wl,--end-group
Finished building target: Q2_T2.elf
 
arm-none-eabi-objdump -h -S  Q2_T2.elf  > "Q2_T2.list"
arm-none-eabi-objcopy  -O ihex  Q2_T2.elf  "Q2_T2.hex"
arm-none-eabi-objcopy  -O binary  Q2_T2.elf  "Q2_T2.bin"
arm-none-eabi-size   Q2_T2.elf 
   text	   data	    bss	    dec	    hex	filename
  10920	    120	   1600	  12640	   3160	Q2_T2.elf
Finished building: default.size.stdout
 
Finished building: Q2_T2.hex
Finished building: Q2_T2.bin
 
 
Finished building: Q2_T2.list
 
21:04:04 **** Incremental Build of configuration Debug for project Q2_T2 ****
make -j12 all 
arm-none-eabi-gcc "../Core/Src/main.c" -mcpu=cortex-m3 -std=gnu11 -g3 -DDEBUG -DUSE_HAL_DRIVER -DSTM32F103x6 -c -I../Core/Inc -I../Drivers/STM32F1xx_HAL_Driver/Inc -I../Drivers/STM32F1xx_HAL_Driver/Inc/Legacy -I../Drivers/CMSIS/Device/ST/STM32F1xx/Include -I../Drivers/CMSIS/Include -O0 -ffunction-sections -fdata-sections -Wall -fstack-usage -MMD -MP -MF"Core/Src/main.d" -MT"Core/Src/main.o" --specs=nano.specs -mfloat-abi=soft -mthumb -o "Core/Src/main.o"
arm-none-eabi-gcc -o "Q2_T2.elf" @"objects.list"   -mcpu=cortex-m3 -T"C:\PUCRS\Processadores\Workspace\Q2_T2\STM32F103C6TX_FLASH.ld" --specs=nosys.specs -Wl,-Map="Q2_T2.map" -Wl,--gc-sections -static --specs=nano.specs -mfloat-abi=soft -mthumb -Wl,--start-group -lc -lm -Wl,--end-group
Finished building target: Q2_T2.elf
 
arm-none-eabi-objdump -h -S  Q2_T2.elf  > "Q2_T2.list"
arm-none-eabi-objcopy  -O ihex  Q2_T2.elf  "Q2_T2.hex"
arm-none-eabi-objcopy  -O binary  Q2_T2.elf  "Q2_T2.bin"
arm-none-eabi-size   Q2_T2.elf 
   text	   data	    bss	    dec	    hex	filename
  11188	    120	   1600	  12908	   326c	Q2_T2.elf
Finished building: default.size.stdout
 
Finished building: Q2_T2.bin
Finished building: Q2_T2.hex
 
Finished building: Q2_T2.list
 
 
21:12:23 **** Incremental Build of configuration Debug for project Q2_T2 ****
make -j12 all 
arm-none-eabi-gcc "../Core/Src/main.c" -mcpu=cortex-m3 -std=gnu11 -g3 -DDEBUG -DUSE_HAL_DRIVER -DSTM32F103x6 -c -I../Core/Inc -I../Drivers/STM32F1xx_HAL_Driver/Inc -I../Drivers/STM32F1xx_HAL_Driver/Inc/Legacy -I../Drivers/CMSIS/Device/ST/STM32F1xx/Include -I../Drivers/CMSIS/Include -O0 -ffunction-sections -fdata-sections -Wall -fstack-usage -MMD -MP -MF"Core/Src/main.d" -MT"Core/Src/main.o" --specs=nano.specs -mfloat-abi=soft -mthumb -o "Core/Src/main.o"
arm-none-eabi-gcc -o "Q2_T2.elf" @"objects.list"   -mcpu=cortex-m3 -T"C:\PUCRS\Processadores\Workspace\Q2_T2\STM32F103C6TX_FLASH.ld" --specs=nosys.specs -Wl,-Map="Q2_T2.map" -Wl,--gc-sections -static --specs=nano.specs -mfloat-abi=soft -mthumb -Wl,--start-group -lc -lm -Wl,--end-group
Finished building target: Q2_T2.elf
 
arm-none-eabi-objdump -h -S  Q2_T2.elf  > "Q2_T2.list"
arm-none-eabi-objcopy  -O ihex  Q2_T2.elf  "Q2_T2.hex"
arm-none-eabi-objcopy  -O binary  Q2_T2.elf  "Q2_T2.bin"
arm-none-eabi-size   Q2_T2.elf 
   text	   data	    bss	    dec	    hex	filename
  10912	    120	   1600	  12632	   3158	Q2_T2.elf
Finished building: default.size.stdout
 
Finished building: Q2_T2.hex
Finished building: Q2_T2.bin
 
 
Finished building: Q2_T2.list
 
21:21:47 **** Incremental Build of configuration Debug for project Q2_T2 ****
make -j12 all 
arm-none-eabi-gcc "../Core/Src/main.c" -mcpu=cortex-m3 -std=gnu11 -g3 -DDEBUG -DUSE_HAL_DRIVER -DSTM32F103x6 -c -I../Core/Inc -I../Drivers/STM32F1xx_HAL_Driver/Inc -I../Drivers/STM32F1xx_HAL_Driver/Inc/Legacy -I../Drivers/CMSIS/Device/ST/STM32F1xx/Include -I../Drivers/CMSIS/Include -O0 -ffunction-sections -fdata-sections -Wall -fstack-usage -MMD -MP -MF"Core/Src/main.d" -MT"Core/Src/main.o" --specs=nano.specs -mfloat-abi=soft -mthumb -o "Core/Src/main.o"
arm-none-eabi-gcc -o "Q2_T2.elf" @"objects.list"   -mcpu=cortex-m3 -T"C:\PUCRS\Processadores\Workspace\Q2_T2\STM32F103C6TX_FLASH.ld" --specs=nosys.specs -Wl,-Map="Q2_T2.map" -Wl,--gc-sections -static --specs=nano.specs -mfloat-abi=soft -mthumb -Wl,--start-group -lc -lm -Wl,--end-group
Finished building target: Q2_T2.elf
 
arm-none-eabi-objdump -h -S  Q2_T2.elf  > "Q2_T2.list"
arm-none-eabi-objcopy  -O ihex  Q2_T2.elf  "Q2_T2.hex"
arm-none-eabi-objcopy  -O binary  Q2_T2.elf  "Q2_T2.bin"
arm-none-eabi-size   Q2_T2.elf 
   text	   data	    bss	    dec	    hex	filename
  10912	    120	   1600	  12632	   3158	Q2_T2.elf
Finished building: default.size.stdout
 
Finished building: Q2_T2.hex
Finished building: Q2_T2.bin
 
 
Finished building: Q2_T2.list
 
21:23:21 **** Incremental Build of configuration Debug for project Q2_T2 ****
make -j12 all 
arm-none-eabi-gcc "../Core/Src/main.c" -mcpu=cortex-m3 -std=gnu11 -g3 -DDEBUG -DUSE_HAL_DRIVER -DSTM32F103x6 -c -I../Core/Inc -I../Drivers/STM32F1xx_HAL_Driver/Inc -I../Drivers/STM32F1xx_HAL_Driver/Inc/Legacy -I../Drivers/CMSIS/Device/ST/STM32F1xx/Include -I../Drivers/CMSIS/Include -O0 -ffunction-sections -fdata-sections -Wall -fstack-usage -MMD -MP -MF"Core/Src/main.d" -MT"Core/Src/main.o" --specs=nano.specs -mfloat-abi=soft -mthumb -o "Core/Src/main.o"
arm-none-eabi-gcc -o "Q2_T2.elf" @"objects.list"   -mcpu=cortex-m3 -T"C:\PUCRS\Processadores\Workspace\Q2_T2\STM32F103C6TX_FLASH.ld" --specs=nosys.specs -Wl,-Map="Q2_T2.map" -Wl,--gc-sections -static --specs=nano.specs -mfloat-abi=soft -mthumb -Wl,--start-group -lc -lm -Wl,--end-group
Finished building target: Q2_T2.elf
 
arm-none-eabi-objdump -h -S  Q2_T2.elf  > "Q2_T2.list"
arm-none-eabi-objcopy  -O ihex  Q2_T2.elf  "Q2_T2.hex"
arm-none-eabi-objcopy  -O binary  Q2_T2.elf  "Q2_T2.bin"
arm-none-eabi-size   Q2_T2.elf 
   text	   data	    bss	    dec	    hex	filename
  10912	    120	   1600	  12632	   3158	Q2_T2.elf
Finished building: default.size.stdout
 
Finished building: Q2_T2.hex
Finished building: Q2_T2.bin
 
 
Finished building: Q2_T2.list
 
21:28:20 **** Incremental Build of configuration Debug for project Q2_T2 ****
make -j12 all 
arm-none-eabi-gcc "../Core/Src/main.c" -mcpu=cortex-m3 -std=gnu11 -g3 -DDEBUG -DUSE_HAL_DRIVER -DSTM32F103x6 -c -I../Core/Inc -I../Drivers/STM32F1xx_HAL_Driver/Inc -I../Drivers/STM32F1xx_HAL_Driver/Inc/Legacy -I../Drivers/CMSIS/Device/ST/STM32F1xx/Include -I../Drivers/CMSIS/Include -O0 -ffunction-sections -fdata-sections -Wall -fstack-usage -MMD -MP -MF"Core/Src/main.d" -MT"Core/Src/main.o" --specs=nano.specs -mfloat-abi=soft -mthumb -o "Core/Src/main.o"
arm-none-eabi-gcc -o "Q2_T2.elf" @"objects.list"   -mcpu=cortex-m3 -T"C:\PUCRS\Processadores\Workspace\Q2_T2\STM32F103C6TX_FLASH.ld" --specs=nosys.specs -Wl,-Map="Q2_T2.map" -Wl,--gc-sections -static --specs=nano.specs -mfloat-abi=soft -mthumb -Wl,--start-group -lc -lm -Wl,--end-group
Finished building target: Q2_T2.elf
 
arm-none-eabi-objdump -h -S  Q2_T2.elf  > "Q2_T2.list"
arm-none-eabi-objcopy  -O ihex  Q2_T2.elf  "Q2_T2.hex"
arm-none-eabi-objcopy  -O binary  Q2_T2.elf  "Q2_T2.bin"
arm-none-eabi-size   Q2_T2.elf 
   text	   data	    bss	    dec	    hex	filename
  10776	    120	   1600	  12496	   30d0	Q2_T2.elf
Finished building: default.size.stdout
 
Finished building: Q2_T2.hex
Finished building: Q2_T2.bin
 
 
Finished building: Q2_T2.list
 
21:28:55 **** Incremental Build of configuration Debug for project Q2_T2 ****
make -j12 all 
arm-none-eabi-gcc "../Core/Src/main.c" -mcpu=cortex-m3 -std=gnu11 -g3 -DDEBUG -DUSE_HAL_DRIVER -DSTM32F103x6 -c -I../Core/Inc -I../Drivers/STM32F1xx_HAL_Driver/Inc -I../Drivers/STM32F1xx_HAL_Driver/Inc/Legacy -I../Drivers/CMSIS/Device/ST/STM32F1xx/Include -I../Drivers/CMSIS/Include -O0 -ffunction-sections -fdata-sections -Wall -fstack-usage -MMD -MP -MF"Core/Src/main.d" -MT"Core/Src/main.o" --specs=nano.specs -mfloat-abi=soft -mthumb -o "Core/Src/main.o"
arm-none-eabi-gcc -o "Q2_T2.elf" @"objects.list"   -mcpu=cortex-m3 -T"C:\PUCRS\Processadores\Workspace\Q2_T2\STM32F103C6TX_FLASH.ld" --specs=nosys.specs -Wl,-Map="Q2_T2.map" -Wl,--gc-sections -static --specs=nano.specs -mfloat-abi=soft -mthumb -Wl,--start-group -lc -lm -Wl,--end-group
Finished building target: Q2_T2.elf
 
arm-none-eabi-objdump -h -S  Q2_T2.elf  > "Q2_T2.list"
arm-none-eabi-objcopy  -O ihex  Q2_T2.elf  "Q2_T2.hex"
arm-none-eabi-objcopy  -O binary  Q2_T2.elf  "Q2_T2.bin"
arm-none-eabi-size   Q2_T2.elf 
   text	   data	    bss	    dec	    hex	filename
  10740	    120	   1600	  12460	   30ac	Q2_T2.elf
Finished building: default.size.stdout
 
Finished building: Q2_T2.hex
Finished building: Q2_T2.bin
 
 
Finished building: Q2_T2.list
 
21:29:56 **** Incremental Build of configuration Debug for project Q2_T2 ****
make -j12 all 
arm-none-eabi-gcc "../Core/Src/main.c" -mcpu=cortex-m3 -std=gnu11 -g3 -DDEBUG -DUSE_HAL_DRIVER -DSTM32F103x6 -c -I../Core/Inc -I../Drivers/STM32F1xx_HAL_Driver/Inc -I../Drivers/STM32F1xx_HAL_Driver/Inc/Legacy -I../Drivers/CMSIS/Device/ST/STM32F1xx/Include -I../Drivers/CMSIS/Include -O0 -ffunction-sections -fdata-sections -Wall -fstack-usage -MMD -MP -MF"Core/Src/main.d" -MT"Core/Src/main.o" --specs=nano.specs -mfloat-abi=soft -mthumb -o "Core/Src/main.o"
arm-none-eabi-gcc -o "Q2_T2.elf" @"objects.list"   -mcpu=cortex-m3 -T"C:\PUCRS\Processadores\Workspace\Q2_T2\STM32F103C6TX_FLASH.ld" --specs=nosys.specs -Wl,-Map="Q2_T2.map" -Wl,--gc-sections -static --specs=nano.specs -mfloat-abi=soft -mthumb -Wl,--start-group -lc -lm -Wl,--end-group
Finished building target: Q2_T2.elf
 
arm-none-eabi-objdump -h -S  Q2_T2.elf  > "Q2_T2.list"
arm-none-eabi-objcopy  -O ihex  Q2_T2.elf  "Q2_T2.hex"
arm-none-eabi-objcopy  -O binary  Q2_T2.elf  "Q2_T2.bin"
arm-none-eabi-size   Q2_T2.elf 
   text	   data	    bss	    dec	    hex	filename
  10740	    120	   1600	  12460	   30ac	Q2_T2.elf
Finished building: default.size.stdout
 
Finished building: Q2_T2.hex
Finished building: Q2_T2.bin
 
 
Finished building: Q2_T2.list
 
23:43:43 **** Incremental Build of configuration Debug for project Q2_T2 ****
make -j12 all 
arm-none-eabi-gcc "../Core/Src/main.c" -mcpu=cortex-m3 -std=gnu11 -g3 -DDEBUG -DUSE_HAL_DRIVER -DSTM32F103x6 -c -I../Core/Inc -I../Drivers/STM32F1xx_HAL_Driver/Inc -I../Drivers/STM32F1xx_HAL_Driver/Inc/Legacy -I../Drivers/CMSIS/Device/ST/STM32F1xx/Include -I../Drivers/CMSIS/Include -O0 -ffunction-sections -fdata-sections -Wall -fstack-usage -MMD -MP -MF"Core/Src/main.d" -MT"Core/Src/main.o" --specs=nano.specs -mfloat-abi=soft -mthumb -o "Core/Src/main.o"
arm-none-eabi-gcc -o "Q2_T2.elf" @"objects.list"   -mcpu=cortex-m3 -T"C:\PUCRS\Processadores\Workspace\Q2_T2\STM32F103C6TX_FLASH.ld" --specs=nosys.specs -Wl,-Map="Q2_T2.map" -Wl,--gc-sections -static --specs=nano.specs -mfloat-abi=soft -mthumb -Wl,--start-group -lc -lm -Wl,--end-group
Finished building target: Q2_T2.elf
 
arm-none-eabi-objdump -h -S  Q2_T2.elf  > "Q2_T2.list"
arm-none-eabi-objcopy  -O ihex  Q2_T2.elf  "Q2_T2.hex"
arm-none-eabi-objcopy  -O binary  Q2_T2.elf  "Q2_T2.bin"
arm-none-eabi-size   Q2_T2.elf 
   text	   data	    bss	    dec	    hex	filename
  10740	    120	   1600	  12460	   30ac	Q2_T2.elf
Finished building: default.size.stdout
 
Finished building: Q2_T2.hex
Finished building: Q2_T2.bin
 
 
Finished building: Q2_T2.list
 
23:49:28 **** Incremental Build of configuration Debug for project Q2_T2 ****
make -j12 all 
arm-none-eabi-gcc "../Core/Src/main.c" -mcpu=cortex-m3 -std=gnu11 -g3 -DDEBUG -DUSE_HAL_DRIVER -DSTM32F103x6 -c -I../Core/Inc -I../Drivers/STM32F1xx_HAL_Driver/Inc -I../Drivers/STM32F1xx_HAL_Driver/Inc/Legacy -I../Drivers/CMSIS/Device/ST/STM32F1xx/Include -I../Drivers/CMSIS/Include -O0 -ffunction-sections -fdata-sections -Wall -fstack-usage -MMD -MP -MF"Core/Src/main.d" -MT"Core/Src/main.o" --specs=nano.specs -mfloat-abi=soft -mthumb -o "Core/Src/main.o"
arm-none-eabi-gcc -o "Q2_T2.elf" @"objects.list"   -mcpu=cortex-m3 -T"C:\PUCRS\Processadores\Workspace\Q2_T2\STM32F103C6TX_FLASH.ld" --specs=nosys.specs -Wl,-Map="Q2_T2.map" -Wl,--gc-sections -static --specs=nano.specs -mfloat-abi=soft -mthumb -Wl,--start-group -lc -lm -Wl,--end-group
Finished building target: Q2_T2.elf
 
arm-none-eabi-objdump -h -S  Q2_T2.elf  > "Q2_T2.list"
arm-none-eabi-objcopy  -O ihex  Q2_T2.elf  "Q2_T2.hex"
arm-none-eabi-objcopy  -O binary  Q2_T2.elf  "Q2_T2.bin"
arm-none-eabi-size   Q2_T2.elf 
   text	   data	    bss	    dec	    hex	filename
  10740	    120	   1600	  12460	   30ac	Q2_T2.elf
Finished building: default.size.stdout
 
Finished building: Q2_T2.hex
Finished building: Q2_T2.bin
 
 
Finished building: Q2_T2.list
 
23:50:23 **** Incremental Build of configuration Debug for project Q2_T2 ****
make -j12 all 
arm-none-eabi-gcc "../Core/Src/main.c" -mcpu=cortex-m3 -std=gnu11 -g3 -DDEBUG -DUSE_HAL_DRIVER -DSTM32F103x6 -c -I../Core/Inc -I../Drivers/STM32F1xx_HAL_Driver/Inc -I../Drivers/STM32F1xx_HAL_Driver/Inc/Legacy -I../Drivers/CMSIS/Device/ST/STM32F1xx/Include -I../Drivers/CMSIS/Include -O0 -ffunction-sections -fdata-sections -Wall -fstack-usage -MMD -MP -MF"Core/Src/main.d" -MT"Core/Src/main.o" --specs=nano.specs -mfloat-abi=soft -mthumb -o "Core/Src/main.o"
arm-none-eabi-gcc -o "Q2_T2.elf" @"objects.list"   -mcpu=cortex-m3 -T"C:\PUCRS\Processadores\Workspace\Q2_T2\STM32F103C6TX_FLASH.ld" --specs=nosys.specs -Wl,-Map="Q2_T2.map" -Wl,--gc-sections -static --specs=nano.specs -mfloat-abi=soft -mthumb -Wl,--start-group -lc -lm -Wl,--end-group
Finished building target: Q2_T2.elf
 
arm-none-eabi-objdump -h -S  Q2_T2.elf  > "Q2_T2.list"
arm-none-eabi-objcopy  -O ihex  Q2_T2.elf  "Q2_T2.hex"
arm-none-eabi-objcopy  -O binary  Q2_T2.elf  "Q2_T2.bin"
arm-none-eabi-size   Q2_T2.elf 
   text	   data	    bss	    dec	    hex	filename
  10740	    120	   1600	  12460	   30ac	Q2_T2.elf
Finished building: default.size.stdout
 
Finished building: Q2_T2.bin
Finished building: Q2_T2.hex
Finished building: Q2_T2.list
 
 
 
