15:05:58 **** Incremental Build of configuration Debug for project Novo_LCD_4bits ****
make -j12 all 
arm-none-eabi-gcc "../Core/Src/main.c" -mcpu=cortex-m3 -std=gnu11 -g3 -DDEBUG -DUSE_HAL_DRIVER -DSTM32F103x6 -c -I../Core/Inc -I../Drivers/STM32F1xx_HAL_Driver/Inc -I../Drivers/STM32F1xx_HAL_Driver/Inc/Legacy -I../Drivers/CMSIS/Device/ST/STM32F1xx/Include -I../Drivers/CMSIS/Include -O0 -ffunction-sections -fdata-sections -Wall -fstack-usage -MMD -MP -MF"Core/Src/main.d" -MT"Core/Src/main.o" --specs=nano.specs -mfloat-abi=soft -mthumb -o "Core/Src/main.o"
arm-none-eabi-gcc -o "Novo_LCD_4bits.elf" @"objects.list"   -mcpu=cortex-m3 -T"C:\PUCRS\Processadores\Workspace\Novo_LCD_4bits\STM32F103C6TX_FLASH.ld" --specs=nosys.specs -Wl,-Map="Novo_LCD_4bits.map" -Wl,--gc-sections -static --specs=nano.specs -mfloat-abi=soft -mthumb -u _printf_float -Wl,--start-group -lc -lm -Wl,--end-group
Finished building target: Novo_LCD_4bits.elf
 
arm-none-eabi-objdump -h -S  Novo_LCD_4bits.elf  > "Novo_LCD_4bits.list"
arm-none-eabi-objcopy  -O ihex  Novo_LCD_4bits.elf  "Novo_LCD_4bits.hex"
arm-none-eabi-objcopy  -O binary  Novo_LCD_4bits.elf  "Novo_LCD_4bits.bin"
arm-none-eabi-size   Novo_LCD_4bits.elf 
   text	   data	    bss	    dec	    hex	filename
  23268	    484	   1644	  25396	   6334	Novo_LCD_4bits.elf
Finished building: default.size.stdout
 
Finished building: Novo_LCD_4bits.hex
Finished building: Novo_LCD_4bits.bin
 
 
Finished building: Novo_LCD_4bits.list
 

15:05:59 Build Finished. 0 errors, 0 warnings. (took 648ms)

