23:50:23 **** Incremental Build of configuration Debug for project Q2_T2 ****
make -j12 all 
arm-none-eabi-gcc "../Core/Src/main.c" -mcpu=cortex-m3 -std=gnu11 -g3 -DDEBUG -DUSE_HAL_DRIVER -DSTM32F103x6 -c -I../Core/Inc -I../Drivers/STM32F1xx_HAL_Driver/Inc -I../Drivers/STM32F1xx_HAL_Driver/Inc/Legacy -I../Drivers/CMSIS/Device/ST/STM32F1xx/Include -I../Drivers/CMSIS/Include -O0 -ffunction-sections -fdata-sections -Wall -fstack-usage -MMD -MP -MF"Core/Src/main.d" -MT"Core/Src/main.o" --specs=nano.specs -mfloat-abi=soft -mthumb -o "Core/Src/main.o"
arm-none-eabi-gcc -o "Q2_T2.elf" @"objects.list"   -mcpu=cortex-m3 -T"C:\PUCRS\Processadores\Workspace\Q2_T2\STM32F103C6TX_FLASH.ld" --specs=nosys.specs -Wl,-Map="Q2_T2.map" -Wl,--gc-sections -static --specs=nano.specs -mfloat-abi=soft -mthumb -Wl,--start-group -lc -lm -Wl,--end-group
Finished building target: Q2_T2.elf
 
arm-none-eabi-objdump -h -S  Q2_T2.elf  > "Q2_T2.list"
arm-none-eabi-objcopy  -O ihex  Q2_T2.elf  "Q2_T2.hex"
arm-none-eabi-objcopy  -O binary  Q2_T2.elf  "Q2_T2.bin"
arm-none-eabi-size   Q2_T2.elf 
   text	   data	    bss	    dec	    hex	filename
  10740	    120	   1600	  12460	   30ac	Q2_T2.elf
Finished building: default.size.stdout
 
Finished building: Q2_T2.bin
Finished building: Q2_T2.hex
Finished building: Q2_T2.list
 
 
 

23:50:23 Build Finished. 0 errors, 0 warnings. (took 739ms)

