main.c:100:5:main	88	static
main.c:180:6:SystemClock_Config	72	static
main.c:216:13:MX_GPIO_Init	32	static
main.c:259:6:udelay	16	static
main.c:265:6:delayus	16	static
main.c:271:6:lcd_send4bits	16	static
main.c:280:6:lcd_wrcom4	16	static
main.c:291:6:lcd_wrcom	16	static
main.c:306:6:lcd_wrchar	16	static
main.c:322:6:lcd_init	16	static
main.c:335:6:lcd_clear	8	static
main.c:340:6:lcd_goto	24	static
main.c:351:6:lcd_wrstr	16	static
main.c:356:6:lcd_progchar	16	static
main.c:373:6:Error_Handler	4	static,ignoring_inline_asm
